Archive member included to satisfy reference by file (symbol)

/home/helmutresch/Bin/gcc-arm-none-eabi-5_4-2016q3/bin/../lib/gcc/arm-none-eabi/5.4.1/../../../../arm-none-eabi/lib/armv7e-m/softfp/libm.a(lib_a-s_atan.o)
                              src/3Daccel_out_library.o (atan)
/home/helmutresch/Bin/gcc-arm-none-eabi-5_4-2016q3/bin/../lib/gcc/arm-none-eabi/5.4.1/../../../../arm-none-eabi/lib/armv7e-m/softfp/libm.a(lib_a-s_fabs.o)
                              /home/helmutresch/Bin/gcc-arm-none-eabi-5_4-2016q3/bin/../lib/gcc/arm-none-eabi/5.4.1/../../../../arm-none-eabi/lib/armv7e-m/softfp/libm.a(lib_a-s_atan.o) (fabs)
/home/helmutresch/Bin/gcc-arm-none-eabi-5_4-2016q3/bin/../lib/gcc/arm-none-eabi/5.4.1/../../../../arm-none-eabi/lib/armv7e-m/softfp/libm.a(lib_a-w_sqrt.o)
                              src/3Daccel_out_library.o (sqrt)
/home/helmutresch/Bin/gcc-arm-none-eabi-5_4-2016q3/bin/../lib/gcc/arm-none-eabi/5.4.1/../../../../arm-none-eabi/lib/armv7e-m/softfp/libm.a(lib_a-e_sqrt.o)
                              /home/helmutresch/Bin/gcc-arm-none-eabi-5_4-2016q3/bin/../lib/gcc/arm-none-eabi/5.4.1/../../../../arm-none-eabi/lib/armv7e-m/softfp/libm.a(lib_a-w_sqrt.o) (__ieee754_sqrt)
/home/helmutresch/Bin/gcc-arm-none-eabi-5_4-2016q3/bin/../lib/gcc/arm-none-eabi/5.4.1/../../../../arm-none-eabi/lib/armv7e-m/softfp/libm.a(lib_a-s_lib_ver.o)
                              /home/helmutresch/Bin/gcc-arm-none-eabi-5_4-2016q3/bin/../lib/gcc/arm-none-eabi/5.4.1/../../../../arm-none-eabi/lib/armv7e-m/softfp/libm.a(lib_a-w_sqrt.o) (__fdlib_version)
/home/helmutresch/Bin/gcc-arm-none-eabi-5_4-2016q3/bin/../lib/gcc/arm-none-eabi/5.4.1/../../../../arm-none-eabi/lib/armv7e-m/softfp/libm.a(lib_a-s_matherr.o)
                              /home/helmutresch/Bin/gcc-arm-none-eabi-5_4-2016q3/bin/../lib/gcc/arm-none-eabi/5.4.1/../../../../arm-none-eabi/lib/armv7e-m/softfp/libm.a(lib_a-w_sqrt.o) (matherr)
/home/helmutresch/Bin/gcc-arm-none-eabi-5_4-2016q3/bin/../lib/gcc/arm-none-eabi/5.4.1/armv7e-m/softfp/libgcc.a(_arm_addsubdf3.o)
                              src/servo_driver.o (__aeabi_dsub)
/home/helmutresch/Bin/gcc-arm-none-eabi-5_4-2016q3/bin/../lib/gcc/arm-none-eabi/5.4.1/armv7e-m/softfp/libgcc.a(_arm_muldivdf3.o)
                              src/servo_driver.o (__aeabi_dmul)
/home/helmutresch/Bin/gcc-arm-none-eabi-5_4-2016q3/bin/../lib/gcc/arm-none-eabi/5.4.1/armv7e-m/softfp/libgcc.a(_arm_cmpdf2.o)
                              src/servo_driver.o (__aeabi_dcmplt)
/home/helmutresch/Bin/gcc-arm-none-eabi-5_4-2016q3/bin/../lib/gcc/arm-none-eabi/5.4.1/armv7e-m/softfp/libgcc.a(_arm_unorddf2.o)
                              /home/helmutresch/Bin/gcc-arm-none-eabi-5_4-2016q3/bin/../lib/gcc/arm-none-eabi/5.4.1/../../../../arm-none-eabi/lib/armv7e-m/softfp/libm.a(lib_a-w_sqrt.o) (__aeabi_dcmpun)
/home/helmutresch/Bin/gcc-arm-none-eabi-5_4-2016q3/bin/../lib/gcc/arm-none-eabi/5.4.1/armv7e-m/softfp/libgcc.a(_arm_fixdfsi.o)
                              src/3Daccel_out_library.o (__aeabi_d2iz)
/home/helmutresch/Bin/gcc-arm-none-eabi-5_4-2016q3/bin/../lib/gcc/arm-none-eabi/5.4.1/armv7e-m/softfp/libgcc.a(_arm_fixunsdfsi.o)
                              src/servo_driver.o (__aeabi_d2uiz)
/home/helmutresch/Bin/gcc-arm-none-eabi-5_4-2016q3/bin/../lib/gcc/arm-none-eabi/5.4.1/../../../../arm-none-eabi/lib/armv7e-m/softfp/libg.a(lib_a-errno.o)
                              /home/helmutresch/Bin/gcc-arm-none-eabi-5_4-2016q3/bin/../lib/gcc/arm-none-eabi/5.4.1/../../../../arm-none-eabi/lib/armv7e-m/softfp/libm.a(lib_a-w_sqrt.o) (__errno)
/home/helmutresch/Bin/gcc-arm-none-eabi-5_4-2016q3/bin/../lib/gcc/arm-none-eabi/5.4.1/../../../../arm-none-eabi/lib/armv7e-m/softfp/libg.a(lib_a-impure.o)
                              /home/helmutresch/Bin/gcc-arm-none-eabi-5_4-2016q3/bin/../lib/gcc/arm-none-eabi/5.4.1/../../../../arm-none-eabi/lib/armv7e-m/softfp/libg.a(lib_a-errno.o) (_impure_ptr)
/home/helmutresch/Bin/gcc-arm-none-eabi-5_4-2016q3/bin/../lib/gcc/arm-none-eabi/5.4.1/../../../../arm-none-eabi/lib/armv7e-m/softfp/libg.a(lib_a-init.o)
                              /tmp/ccOpIMRC.o (__libc_init_array)
/home/helmutresch/Bin/gcc-arm-none-eabi-5_4-2016q3/bin/../lib/gcc/arm-none-eabi/5.4.1/../../../../arm-none-eabi/lib/armv7e-m/softfp/libg.a(lib_a-memcpy.o)
                              src/xmc4500_uart_lib.o (memcpy)
/home/helmutresch/Bin/gcc-arm-none-eabi-5_4-2016q3/bin/../lib/gcc/arm-none-eabi/5.4.1/../../../../arm-none-eabi/lib/armv7e-m/softfp/libg.a(lib_a-memset.o)
                              src/xmc4500_uart_lib.o (memset)
/home/helmutresch/Bin/gcc-arm-none-eabi-5_4-2016q3/bin/../lib/gcc/arm-none-eabi/5.4.1/../../../../arm-none-eabi/lib/armv7e-m/softfp/libg.a(lib_a-printf.o)
                              src/lis3dh_library.o (printf)
/home/helmutresch/Bin/gcc-arm-none-eabi-5_4-2016q3/bin/../lib/gcc/arm-none-eabi/5.4.1/../../../../arm-none-eabi/lib/armv7e-m/softfp/libg.a(lib_a-puts.o)
                              src/lis3dh_library.o (puts)
[...]
Memory Configuration

Name             Origin             Length             Attributes
FLASH_1_cached   0x08000000         0x00100000         xr
FLASH_1_uncached 0x0c000000         0x00100000         xr
PSRAM_1          0x10000000         0x00010000         !xr
DSRAM_1_system   0x20000000         0x00010000         !xr
DSRAM_2_comm     0x30000000         0x00008000         !xr
*default*        0x00000000         0xffffffff

Linker script and memory map

LOAD src/xmc4500_uart_lib.o
LOAD src/servo_library.o
LOAD src/servo_driver.o
LOAD src/3Daccel_out_library.o
LOAD src/debug_lib.o
LOAD src/xmc4500_i2c_lib.o
LOAD src/lis3dh_library.o
LOAD src/lis3dh_driver.o
LOAD src/3Daccel_app.o
LOAD ./system/CMSIS/Infineon/Lib/System_LibcStubs.o
LOAD ./system/CMSIS/Infineon/XMC4500_series/Source/system_XMC4500.o
LOAD ./xmclib/src/xmc4_rtc.o
LOAD ./xmclib/src/xmc_ebu.o
LOAD ./xmclib/src/xmc_dsd.o
LOAD ./xmclib/src/xmc_rtc.o
LOAD ./xmclib/src/xmc_usbh.o
LOAD ./xmclib/src/xmc_acmp.o
LOAD ./xmclib/src/xmc_posif.o
LOAD ./xmclib/src/xmc_eth_mac.o
LOAD ./xmclib/src/xmc_bccu.o
LOAD ./xmclib/src/xmc_gpio.o
LOAD ./xmclib/src/xmc4_eru.o
LOAD ./xmclib/src/xmc_ecat.o
LOAD ./xmclib/src/xmc_vadc.o
LOAD ./xmclib/src/xmc_eru.o
LOAD ./xmclib/src/xmc_dac.o
LOAD ./xmclib/src/xmc_can.o
LOAD ./xmclib/src/xmc_ledts.o
LOAD ./xmclib/src/xmc4_flash.o
LOAD ./xmclib/src/xmc_ccu4.o
LOAD ./xmclib/src/xmc_i2s.o
LOAD ./xmclib/src/xmc_sdmmc.o
LOAD ./xmclib/src/xmc4_gpio.o
LOAD ./xmclib/src/xmc_usbd.o
LOAD ./xmclib/src/xmc_ccu8.o
LOAD ./xmclib/src/xmc_uart.o
LOAD ./xmclib/src/xmc_spi.o
LOAD ./xmclib/src/xmc_pau.o
LOAD ./xmclib/src/xmc_fce.o
LOAD ./xmclib/src/xmc_i2c.o
LOAD ./xmclib/src/xmc_wdt.o
LOAD ./xmclib/src/xmc_eth_phy_dp83848.o
LOAD ./xmclib/src/xmc4_scu.o
LOAD ./xmclib/src/xmc_prng.o
LOAD ./xmclib/src/xmc_hrpwm.o
LOAD ./xmclib/src/xmc_eth_phy_ksz8081rnb.o
LOAD ./xmclib/src/xmc_usic.o
LOAD ./xmclib/src/xmc_common.o
LOAD ./xmclib/src/xmc_math.o
LOAD ./xmclib/src/xmc_dma.o
LOAD ./xmclib/src/xmc_eth_phy_ksz8031rnl.o
LOAD /tmp/ccOpIMRC.o
LOAD ./system/CMSIS/Lib/GCC/libarm_cortexM4lf_math.a
LOAD ./system/CMSIS/Infineon/Lib/libxmclibcstubs.a
LOAD /home/helmutresch/Bin/gcc-arm-none-eabi-5_4-2016q3/bin/../lib/gcc/arm-none-eabi/5.4.1/../../../../arm-none-eabi/lib/armv7e-m/softfp/libm.a
START GROUP
LOAD /home/helmutresch/Bin/gcc-arm-none-eabi-5_4-2016q3/bin/../lib/gcc/arm-none-eabi/5.4.1/armv7e-m/softfp/libgcc.a
LOAD /home/helmutresch/Bin/gcc-arm-none-eabi-5_4-2016q3/bin/../lib/gcc/arm-none-eabi/5.4.1/../../../../arm-none-eabi/lib/armv7e-m/softfp/libg.a
LOAD /home/helmutresch/Bin/gcc-arm-none-eabi-5_4-2016q3/bin/../lib/gcc/arm-none-eabi/5.4.1/../../../../arm-none-eabi/lib/armv7e-m/softfp/libc.a
END GROUP
                0x00000800                stack_size = DEFINED (stack_size)?stack_size:0x800
                0x00000040                no_init_size = 0x40

.text           0x08000000     0xab78 load address 0x0c000000
                0x08000000                sText = .
 *(.reset)
 .reset         0x08000000      0x2b2 /tmp/ccOpIMRC.o
                0x08000000                __Vectors
                0x08000200                Reset_Handler
                0x080002b0                VADC0_C0_3_IRQHandler
                0x080002b0                DSD0_7_IRQHandler
                0x080002b0                DebugMon_Handler
                0x080002b0                VADC0_C0_0_IRQHandler
                0x080002b0                CAN0_4_IRQHandler
                0x080002b0                VADC0_G2_0_IRQHandler
                0x080002b0                USIC0_5_IRQHandler
                0x080002b0                POSIF0_0_IRQHandler
                0x080002b0                POSIF1_0_IRQHandler
                0x080002b0                HardFault_Handler
                0x080002b0                VADC0_G1_1_IRQHandler
                0x080002b0                PendSV_Handler
                0x080002b0                NMI_Handler
                0x080002b0                USIC1_3_IRQHandler
                0x080002b0                CCU40_2_IRQHandler
                0x080002b0                SCU_0_IRQHandler
                0x080002b0                ERU0_0_IRQHandler
                0x080002b0                CCU41_0_IRQHandler
                0x080002b0                USIC1_5_IRQHandler
                0x080002b0                DSD0_4_IRQHandler
                0x080002b0                CCU80_1_IRQHandler
                0x080002b0                CCU81_0_IRQHandler
                0x080002b0                UsageFault_Handler
                0x080002b0                POSIF1_1_IRQHandler
                0x080002b0                ERU0_2_IRQHandler
                0x080002b0                CCU81_1_IRQHandler
                0x080002b0                ERU1_1_IRQHandler
                0x080002b0                VADC0_G2_3_IRQHandler
                0x080002b0                VADC0_G2_2_IRQHandler
                0x080002b0                CCU42_3_IRQHandler
                0x080002b0                ERU0_3_IRQHandler
                0x080002b0                DSD0_5_IRQHandler
                0x080002b0                CAN0_6_IRQHandler
                0x080002b0                CCU43_0_IRQHandler
                0x080002b0                VADC0_G0_1_IRQHandler
                0x080002b0                CCU81_2_IRQHandler
                0x080002b0                USIC2_4_IRQHandler
                0x080002b0                CCU81_3_IRQHandler
                0x080002b0                CCU42_1_IRQHandler
                0x080002b0                USIC1_1_IRQHandler
                0x080002b0                USIC2_5_IRQHandler
                0x080002b0                CCU40_0_IRQHandler
                0x080002b0                CAN0_0_IRQHandler
                0x080002b0                ERU1_0_IRQHandler
                0x080002b0                CCU42_2_IRQHandler
                0x080002b0                Default_Handler
                0x080002b0                USIC1_4_IRQHandler
                0x080002b0                ERU1_3_IRQHandler
                0x080002b0                USIC1_0_IRQHandler
                0x080002b0                POSIF0_1_IRQHandler
                0x080002b0                VADC0_G0_0_IRQHandler
                0x080002b0                DSD0_2_IRQHandler
                0x080002b0                CCU80_3_IRQHandler
                0x080002b0                CCU41_3_IRQHandler
                0x080002b0                CCU80_2_IRQHandler
                0x080002b0                VADC0_G1_3_IRQHandler
                0x080002b0                VADC0_G0_3_IRQHandler
                0x080002b0                GPDMA0_0_IRQHandler
                0x080002b0                PMU0_0_IRQHandler
                0x080002b0                CAN0_7_IRQHandler
                0x080002b0                DSD0_1_IRQHandler
                0x080002b0                CCU41_2_IRQHandler
                0x080002b0                VADC0_C0_1_IRQHandler
                0x080002b0                CCU43_2_IRQHandler
                0x080002b0                USIC2_2_IRQHandler
                0x080002b0                MemManage_Handler
                0x080002b0                VADC0_G3_1_IRQHandler
                0x080002b0                DAC0_0_IRQHandler
                0x080002b0                SVC_Handler
                0x080002b0                VADC0_G3_3_IRQHandler
                0x080002b0                ERU1_2_IRQHandler
                0x080002b0                CCU41_1_IRQHandler
                0x080002b0                DSD0_6_IRQHandler
                0x080002b0                CCU43_1_IRQHandler
                0x080002b0                VADC0_G1_2_IRQHandler
                0x080002b0                USIC2_3_IRQHandler
                0x080002b0                CAN0_2_IRQHandler
                0x080002b0                USIC2_0_IRQHandler
                0x080002b0                VADC0_G0_2_IRQHandler
                0x080002b0                VADC0_G2_1_IRQHandler
                0x080002b0                CAN0_3_IRQHandler
                0x080002b0                ETH0_0_IRQHandler
                0x080002b0                USIC0_3_IRQHandler
                0x080002b0                DSD0_0_IRQHandler
                0x080002b0                VADC0_C0_2_IRQHandler
                0x080002b0                CCU42_0_IRQHandler
                0x080002b0                FCE0_0_IRQHandler
                0x080002b0                VADC0_G1_0_IRQHandler
                0x080002b0                USB0_0_IRQHandler
                0x080002b0                CAN0_5_IRQHandler
                0x080002b0                CCU80_0_IRQHandler
                0x080002b0                CCU40_1_IRQHandler
                0x080002b0                USIC2_1_IRQHandler
                0x080002b0                USIC0_1_IRQHandler
                0x080002b0                VADC0_G3_2_IRQHandler
                0x080002b0                CCU40_3_IRQHandler
                0x080002b0                BusFault_Handler
                0x080002b0                LEDTS0_0_IRQHandler
                0x080002b0                USIC0_4_IRQHandler
                0x080002b0                CCU43_3_IRQHandler
                0x080002b0                ERU0_1_IRQHandler
                0x080002b0                VADC0_G3_0_IRQHandler
                0x080002b0                USIC1_2_IRQHandler
                0x080002b0                DSD0_3_IRQHandler
                0x080002b0                SDMMC0_0_IRQHandler
                0x080002b0                CAN0_1_IRQHandler
                0x080002b0                USIC0_2_IRQHandler
                0x080002b0                DAC0_1_IRQHandler
                0x080002b0                GPDMA1_0_IRQHandler
 *(.text .text.* .gnu.linkonce.t.*)
 *fill*         0x080002b2        0x2 
 .text.__NVIC_EnableIRQ
                0x080002b4       0x3c src/xmc4500_uart_lib.o
 .text.__NVIC_SetPriority
                0x080002f0       0x54 src/xmc4500_uart_lib.o
 .text.XMC_USIC_CH_SetInputSource
                0x08000344       0x3c src/xmc4500_uart_lib.o
 .text.XMC_USIC_CH_GetTransmitBufferStatus
                0x08000380       0x20 src/xmc4500_uart_lib.o
 .text.XMC_USIC_CH_RXFIFO_EnableEvent
                0x080003a0       0x28 src/xmc4500_uart_lib.o
 .text.XMC_USIC_CH_RXFIFO_IsEmpty
                0x080003c8       0x28 src/xmc4500_uart_lib.o
 .text.XMC_UART_CH_Start
                0x080003f0       0x24 src/xmc4500_uart_lib.o
 .text.XMC_UART_CH_SetInputSource
                0x08000414       0x40 src/xmc4500_uart_lib.o
 .text._init_uart0_ch0
                0x08000454       0x8c src/xmc4500_uart_lib.o
                0x08000454                _init_uart0_ch0
 .text.USIC0_0_IRQHandler
                0x080004e0       0x78 src/xmc4500_uart_lib.o
                0x080004e0                USIC0_0_IRQHandler
 .text._uart_printf
                0x08000558       0x48 src/xmc4500_uart_lib.o
                0x08000558                _uart_printf
 .text._uart_send_string
                0x080005a0       0x5c src/xmc4500_uart_lib.o
                0x080005a0                _uart_send_string
 .text._uart_get_string
                0x080005fc       0x58 src/xmc4500_uart_lib.o
                0x080005fc                _uart_get_string
 .text.pwm      0x08000654       0x34 src/servo_library.o
                0x08000654                pwm
 .text.initServoPWM
                0x08000688        0xc src/servo_library.o
                0x08000688                initServoPWM
 .text.P1_1_set_mode
                0x08000694       0x34 src/servo_driver.o
 .text.P1_1_set_driver_strength
                0x080006c8       0x34 src/servo_driver.o
 .text.P1_1_reset
                0x080006fc       0x1c src/servo_driver.o
 .text.P1_2_set_mode
                0x08000718       0x34 src/servo_driver.o
 .text.P1_2_set_driver_strength
                0x0800074c       0x34 src/servo_driver.o
 .text.P1_2_reset
                0x08000780       0x1c src/servo_driver.o
 .text.initServoPWMXMC
                0x0800079c       0xf8 src/servo_driver.o
                0x0800079c                initServoPWMXMC
 *fill*         0x08000894        0x4 
 .text.pwmXMC   0x08000898       0xf0 src/servo_driver.o
                0x08000898                pwmXMC
 .text.XMC_GPIO_SetOutputHigh
                0x08000988       0x24 src/3Daccel_out_library.o
 .text.XMC_GPIO_SetOutputLow
                0x080009ac       0x24 src/3Daccel_out_library.o
 .text.XMC_GPIO_ToggleOutput
                0x080009d0       0x24 src/3Daccel_out_library.o
 .text.XMC_GPIO_GetInput
                0x080009f4       0x28 src/3Daccel_out_library.o
 .text.initGlobals
                0x08000a1c       0xdc src/3Daccel_out_library.o
                0x08000a1c                initGlobals
 .text.protocolComplete
                0x08000af8      0x1d0 src/3Daccel_out_library.o
                0x08000af8                protocolComplete
 .text.outputInit
                0x08000cc8       0x2c src/3Daccel_out_library.o
                0x08000cc8                outputInit
 .text.ledSetting
                0x08000cf4       0x40 src/3Daccel_out_library.o
                0x08000cf4                ledSetting
 *fill*         0x08000d34        0x4 
 .text.pwmAngleCalc
                0x08000d38      0x2ac src/3Daccel_out_library.o
                0x08000d38                pwmAngleCalc
 .text.SysTick_Handler
                0x08000fe4      0x110 src/3Daccel_out_library.o
                0x08000fe4                SysTick_Handler
 .text.readButtonDebounce
                0x080010f4       0xd4 src/3Daccel_out_library.o
                0x080010f4                readButtonDebounce
 .text.inputInit
                0x080011c8       0x30 src/3Daccel_out_library.o
                0x080011c8                inputInit
 .text.circularAdd
                0x080011f8       0x84 src/3Daccel_out_library.o
                0x080011f8                circularAdd
 .text.circularGet
                0x0800127c       0x84 src/3Daccel_out_library.o
                0x0800127c                circularGet
 .text.ITM_SendChar
                0x08001300       0x50 src/debug_lib.o
 .text.initRetargetSwo
                0x08001350       0x8c src/debug_lib.o
                0x08001350                initRetargetSwo
 .text._write   0x080013dc       0x38 src/debug_lib.o
                0x080013dc                _write
 .text.XMC_USIC_CH_SetInputSource
                0x08001414       0x3c src/xmc4500_i2c_lib.o
 .text.XMC_USIC_CH_GetReceiveBufferStatus
                0x08001450       0x1c src/xmc4500_i2c_lib.o
 .text.XMC_USIC_CH_SetMode
                0x0800146c       0x28 src/xmc4500_i2c_lib.o
 .text.XMC_I2C_CH_Start
                0x08001494       0x18 src/xmc4500_i2c_lib.o
 .text.XMC_I2C_CH_SetInputSource
                0x080014ac       0x44 src/xmc4500_i2c_lib.o
 .text.XMC_I2C_CH_GetStatusFlag
                0x080014f0       0x18 src/xmc4500_i2c_lib.o
 .text.XMC_I2C_CH_ClearStatusFlag
                0x08001508       0x24 src/xmc4500_i2c_lib.o
 .text._init_i2c1_ch0
                0x0800152c       0x54 src/xmc4500_i2c_lib.o
                0x0800152c                _init_i2c1_ch0
 .text._i2c_xfer
                0x08001580      0x120 src/xmc4500_i2c_lib.o
                0x08001580                _i2c_xfer
 .text.initMEMSsensor
                0x080016a0       0xc8 src/lis3dh_library.o
                0x080016a0                initMEMSsensor
 .text.configMEMSsensor
                0x08001768      0x11c src/lis3dh_library.o
                0x08001768                configMEMSsensor
 .text.getTemperature
                0x08001884       0x38 src/lis3dh_library.o
                0x08001884                getTemperature
 .text.get6Dposition
                0x080018bc      0x134 src/lis3dh_library.o
                0x080018bc                get6Dposition
 .text.getAxesRawData
                0x080019f0       0x6c src/lis3dh_library.o
                0x080019f0                getAxesRawData
 .text.LIS3DH_ReadReg
                0x08001a5c       0x2c src/lis3dh_driver.o
                0x08001a5c                LIS3DH_ReadReg
 .text.LIS3DH_WriteReg
                0x08001a88       0x28 src/lis3dh_driver.o
                0x08001a88                LIS3DH_WriteReg
 .text.LIS3DH_SetODR
                0x08001ab0       0x5c src/lis3dh_driver.o
                0x08001ab0                LIS3DH_SetODR
 .text.LIS3DH_SetTemperature
                0x08001b0c       0x5c src/lis3dh_driver.o
                0x08001b0c                LIS3DH_SetTemperature
 .text.LIS3DH_SetADCAux
                0x08001b68       0x5c src/lis3dh_driver.o
                0x08001b68                LIS3DH_SetADCAux
 .text.LIS3DH_GetTempRaw
                0x08001bc4       0x48 src/lis3dh_driver.o
                0x08001bc4                LIS3DH_GetTempRaw
 .text.LIS3DH_SetMode
                0x08001c0c       0xfc src/lis3dh_driver.o
                0x08001c0c                LIS3DH_SetMode
 .text.LIS3DH_SetAxis
                0x08001d08       0x58 src/lis3dh_driver.o
                0x08001d08                LIS3DH_SetAxis
 .text.LIS3DH_SetFullScale
                0x08001d60       0x5c src/lis3dh_driver.o
                0x08001d60                LIS3DH_SetFullScale
 .text.LIS3DH_SetBDU
                0x08001dbc       0x5c src/lis3dh_driver.o
                0x08001dbc                LIS3DH_SetBDU
 .text.LIS3DH_SetIntConfiguration
                0x08001e18       0x54 src/lis3dh_driver.o
                0x08001e18                LIS3DH_SetIntConfiguration
 .text.LIS3DH_SetIntMode
                0x08001e6c       0x5c src/lis3dh_driver.o
                0x08001e6c                LIS3DH_SetIntMode
 .text.LIS3DH_Get6DPosition
                0x08001ec8       0xf4 src/lis3dh_driver.o
                0x08001ec8                LIS3DH_Get6DPosition
 .text.LIS3DH_SetInt1Threshold
                0x08001fbc       0x34 src/lis3dh_driver.o
                0x08001fbc                LIS3DH_SetInt1Threshold
 .text.LIS3DH_GetAccAxesRaw
                0x08001ff0       0xa4 src/lis3dh_driver.o
                0x08001ff0                LIS3DH_GetAccAxesRaw
 .text.__NVIC_SetPriority
                0x08002094       0x54 src/3Daccel_app.o
 .text.SysTick_Config
                0x080020e8       0x44 src/3Daccel_app.o
 .text.main     0x0800212c      0x1b0 src/3Daccel_app.o
                0x0800212c                main
 .text._lseek   0x080022dc       0x1c ./system/CMSIS/Infineon/Lib/System_LibcStubs.o
                0x080022dc                _lseek
 .text._read    0x080022f8       0x1c ./system/CMSIS/Infineon/Lib/System_LibcStubs.o
                0x080022f8                _read
 .text._close   0x08002314       0x14 ./system/CMSIS/Infineon/Lib/System_LibcStubs.o
                0x08002314                _close
 .text._fstat   0x08002328       0x28 ./system/CMSIS/Infineon/Lib/System_LibcStubs.o
                0x08002328                _fstat
 .text._sbrk    0x08002350       0x70 ./system/CMSIS/Infineon/Lib/System_LibcStubs.o
                0x08002350                _sbrk
 .text._init    0x080023c0       0x10 ./system/CMSIS/Infineon/Lib/System_LibcStubs.o
                0x080023c0                _init
 .text._isatty  0x080023d0       0x18 ./system/CMSIS/Infineon/Lib/System_LibcStubs.o
                0x080023d0                _isatty
 .text.delay    0x080023e8       0x2c ./system/CMSIS/Infineon/XMC4500_series/Source/system_XMC4500.o
 .text.SystemInit
                0x08002414       0x24 ./system/CMSIS/Infineon/XMC4500_series/Source/system_XMC4500.o
                0x08002414                SystemInit
 .text.SystemCoreSetup
                0x08002438       0x70 ./system/CMSIS/Infineon/XMC4500_series/Source/system_XMC4500.o
                0x08002438                SystemCoreSetup
 .text.SystemCoreClockSetup
                0x080024a8      0x208 ./system/CMSIS/Infineon/XMC4500_series/Source/system_XMC4500.o
                0x080024a8                SystemCoreClockSetup
 .text.SystemCoreClockUpdate
                0x080026b0       0xd4 ./system/CMSIS/Infineon/XMC4500_series/Source/system_XMC4500.o
                0x080026b0                SystemCoreClockUpdate
 .text.OSCHP_GetFrequency
                0x08002784       0x14 ./system/CMSIS/Infineon/XMC4500_series/Source/system_XMC4500.o
                0x08002784                OSCHP_GetFrequency
 .text.XMC_GPIO_Init
                0x08002798      0x144 ./xmclib/src/xmc4_gpio.o
                0x08002798                XMC_GPIO_Init
 .text.XMC_USIC_CH_GetTransmitBufferStatus
                0x080028dc       0x20 ./xmclib/src/xmc_uart.o
 .text.XMC_UART_CH_ClearStatusFlag
                0x080028fc       0x1c ./xmclib/src/xmc_uart.o
 .text.XMC_UART_CH_Init
                0x08002918       0xb0 ./xmclib/src/xmc_uart.o
                0x08002918                XMC_UART_CH_Init
 .text.XMC_UART_CH_Transmit
                0x080029c8       0x4c ./xmclib/src/xmc_uart.o
                0x080029c8                XMC_UART_CH_Transmit
 .text.XMC_UART_CH_GetReceivedData
                0x08002a14       0x34 ./xmclib/src/xmc_uart.o
                0x08002a14                XMC_UART_CH_GetReceivedData
 .text.XMC_USIC_CH_GetTransmitBufferStatus
                0x08002a48       0x20 ./xmclib/src/xmc_i2c.o
 .text.XMC_I2C_CH_ClearStatusFlag
                0x08002a68       0x24 ./xmclib/src/xmc_i2c.o
 .text.XMC_I2C_CH_Init
                0x08002a8c       0x50 ./xmclib/src/xmc_i2c.o
                0x08002a8c                XMC_I2C_CH_Init
 .text.XMC_I2C_CH_SetSlaveAddress
                0x08002adc       0x40 ./xmclib/src/xmc_i2c.o
                0x08002adc                XMC_I2C_CH_SetSlaveAddress
 .text.XMC_I2C_CH_SetBaudrate
                0x08002b1c       0x78 ./xmclib/src/xmc_i2c.o
                0x08002b1c                XMC_I2C_CH_SetBaudrate
 .text.XMC_I2C_CH_MasterStart
                0x08002b94       0x68 ./xmclib/src/xmc_i2c.o
                0x08002b94                XMC_I2C_CH_MasterStart
 .text.XMC_I2C_CH_MasterRepeatedStart
                0x08002bfc       0x68 ./xmclib/src/xmc_i2c.o
                0x08002bfc                XMC_I2C_CH_MasterRepeatedStart
 .text.XMC_I2C_CH_MasterStop
                0x08002c64       0x4c ./xmclib/src/xmc_i2c.o
                0x08002c64                XMC_I2C_CH_MasterStop
 .text.XMC_I2C_CH_MasterTransmit
                0x08002cb0       0x4c ./xmclib/src/xmc_i2c.o
                0x08002cb0                XMC_I2C_CH_MasterTransmit
 .text.XMC_I2C_CH_MasterReceiveNack
                0x08002cfc       0x4c ./xmclib/src/xmc_i2c.o
                0x08002cfc                XMC_I2C_CH_MasterReceiveNack
 .text.XMC_I2C_CH_GetReceivedData
                0x08002d48       0x34 ./xmclib/src/xmc_i2c.o
                0x08002d48                XMC_I2C_CH_GetReceivedData
 .text.XMC_SCU_CLOCK_GetCpuClockFrequency
                0x08002d7c       0x18 ./xmclib/src/xmc4_scu.o
 .text.XMC_SCU_RESET_DeassertPeripheralReset
                0x08002d94       0x3c ./xmclib/src/xmc4_scu.o
                0x08002d94                XMC_SCU_RESET_DeassertPeripheralReset
 .text.XMC_SCU_CLOCK_GetPeripheralClockFrequency
                0x08002dd0       0x20 ./xmclib/src/xmc4_scu.o
                0x08002dd0                XMC_SCU_CLOCK_GetPeripheralClockFrequency
 .text.XMC_USIC_CH_Enable
                0x08002df0       0x9c ./xmclib/src/xmc_usic.o
                0x08002df0                XMC_USIC_CH_Enable
 .text.XMC_USIC_CH_SetBaudrate
                0x08002e8c       0xe0 ./xmclib/src/xmc_usic.o
                0x08002e8c                XMC_USIC_CH_SetBaudrate
 .text.XMC_USIC_CH_TXFIFO_Configure
                0x08002f6c       0x50 ./xmclib/src/xmc_usic.o
                0x08002f6c                XMC_USIC_CH_TXFIFO_Configure
 .text.XMC_USIC_CH_RXFIFO_Configure
                0x08002fbc       0x54 ./xmclib/src/xmc_usic.o
                0x08002fbc                XMC_USIC_CH_RXFIFO_Configure
 .text.XMC_USIC_CH_RXFIFO_SetInterruptNodePointer
                0x08003010       0x3c ./xmclib/src/xmc_usic.o
                0x08003010                XMC_USIC_CH_RXFIFO_SetInterruptNodePointer
 .text.XMC_USIC_Enable
                0x0800304c       0x54 ./xmclib/src/xmc_usic.o
                0x0800304c                XMC_USIC_Enable
 .text.atan     0x080030a0      0x340 /home/helmutresch/Bin/gcc-arm-none-eabi-5_4-2016q3/bin/../lib/gcc/arm-none-eabi/5.4.1/../../../../arm-none-eabi/lib/armv7e-m/softfp/libm.a(lib_a-s_atan.o)
                0x080030a0                atan
 .text.fabs     0x080033e0        0x8 /home/helmutresch/Bin/gcc-arm-none-eabi-5_4-2016q3/bin/../lib/gcc/arm-none-eabi/5.4.1/../../../../arm-none-eabi/lib/armv7e-m/softfp/libm.a(lib_a-s_fabs.o)
                0x080033e0                fabs
 .text.sqrt     0x080033e8       0xb8 /home/helmutresch/Bin/gcc-arm-none-eabi-5_4-2016q3/bin/../lib/gcc/arm-none-eabi/5.4.1/../../../../arm-none-eabi/lib/armv7e-m/softfp/libm.a(lib_a-w_sqrt.o)
                0x080033e8                sqrt
 .text.__ieee754_sqrt
                0x080034a0      0x184 /home/helmutresch/Bin/gcc-arm-none-eabi-5_4-2016q3/bin/../lib/gcc/arm-none-eabi/5.4.1/../../../../arm-none-eabi/lib/armv7e-m/softfp/libm.a(lib_a-e_sqrt.o)
                0x080034a0                __ieee754_sqrt
 .text.matherr  0x08003624        0x4 /home/helmutresch/Bin/gcc-arm-none-eabi-5_4-2016q3/bin/../lib/gcc/arm-none-eabi/5.4.1/../../../../arm-none-eabi/lib/armv7e-m/softfp/libm.a(lib_a-s_matherr.o)
                0x08003624                matherr
 .text          0x08003628      0x370 /home/helmutresch/Bin/gcc-arm-none-eabi-5_4-2016q3/bin/../lib/gcc/arm-none-eabi/5.4.1/armv7e-m/softfp/libgcc.a(_arm_addsubdf3.o)
                0x08003628                __aeabi_drsub
                0x08003630                __aeabi_dsub
                0x08003630                __subdf3
                0x08003634                __adddf3
                0x08003634                __aeabi_dadd
                0x080038ac                __aeabi_ui2d
                0x080038ac                __floatunsidf
                0x080038cc                __floatsidf
                0x080038cc                __aeabi_i2d
                0x080038f0                __extendsfdf2
                0x080038f0                __aeabi_f2d
                0x0800392c                __aeabi_ul2d
                0x0800392c                __floatundidf
                0x0800393c                __floatdidf
                0x0800393c                __aeabi_l2d
 .text          0x08003998      0x424 /home/helmutresch/Bin/gcc-arm-none-eabi-5_4-2016q3/bin/../lib/gcc/arm-none-eabi/5.4.1/armv7e-m/softfp/libgcc.a(_arm_muldivdf3.o)
                0x08003998                __aeabi_dmul
                0x08003998                __muldf3
                0x08003bec                __aeabi_ddiv
                0x08003bec                __divdf3
 .text          0x08003dbc      0x110 /home/helmutresch/Bin/gcc-arm-none-eabi-5_4-2016q3/bin/../lib/gcc/arm-none-eabi/5.4.1/armv7e-m/softfp/libgcc.a(_arm_cmpdf2.o)
                0x08003dbc                __gtdf2
                0x08003dbc                __gedf2
                0x08003dc4                __ltdf2
                0x08003dc4                __ledf2
                0x08003dcc                __cmpdf2
                0x08003dcc                __eqdf2
                0x08003dcc                __nedf2
                0x08003e48                __aeabi_cdrcmple
                0x08003e58                __aeabi_cdcmple
                0x08003e58                __aeabi_cdcmpeq
                0x08003e68                __aeabi_dcmpeq
                0x08003e7c                __aeabi_dcmplt
                0x08003e90                __aeabi_dcmple
                0x08003ea4                __aeabi_dcmpge
                0x08003eb8                __aeabi_dcmpgt
 .text          0x08003ecc       0x2c /home/helmutresch/Bin/gcc-arm-none-eabi-5_4-2016q3/bin/../lib/gcc/arm-none-eabi/5.4.1/armv7e-m/softfp/libgcc.a(_arm_unorddf2.o)
                0x08003ecc                __aeabi_dcmpun
                0x08003ecc                __unorddf2
 .text          0x08003ef8       0x50 /home/helmutresch/Bin/gcc-arm-none-eabi-5_4-2016q3/bin/../lib/gcc/arm-none-eabi/5.4.1/armv7e-m/softfp/libgcc.a(_arm_fixdfsi.o)
                0x08003ef8                __fixdfsi
                0x08003ef8                __aeabi_d2iz
 .text          0x08003f48       0x40 /home/helmutresch/Bin/gcc-arm-none-eabi-5_4-2016q3/bin/../lib/gcc/arm-none-eabi/5.4.1/armv7e-m/softfp/libgcc.a(_arm_fixunsdfsi.o)
                0x08003f48                __fixunsdfsi
                0x08003f48                __aeabi_d2uiz
 .text.__errno  0x08003f88        0xc /home/helmutresch/Bin/gcc-arm-none-eabi-5_4-2016q3/bin/../lib/gcc/arm-none-eabi/5.4.1/../../../../arm-none-eabi/lib/armv7e-m/softfp/libg.a(lib_a-errno.o)
                0x08003f88                __errno
 .text.__libc_init_array
                0x08003f94       0x50 /home/helmutresch/Bin/gcc-arm-none-eabi-5_4-2016q3/bin/../lib/gcc/arm-none-eabi/5.4.1/../../../../arm-none-eabi/lib/armv7e-m/softfp/libg.a(lib_a-init.o)
                0x08003f94                __libc_init_array
 .text          0x08003fe4      0x134 /home/helmutresch/Bin/gcc-arm-none-eabi-5_4-2016q3/bin/../lib/gcc/arm-none-eabi/5.4.1/../../../../arm-none-eabi/lib/armv7e-m/softfp/libg.a(lib_a-memcpy.o)
                0x08003fe4                memcpy
 .text.memset   0x08004118       0x9c /home/helmutresch/Bin/gcc-arm-none-eabi-5_4-2016q3/bin/../lib/gcc/arm-none-eabi/5.4.1/../../../../arm-none-eabi/lib/armv7e-m/softfp/libg.a(lib_a-memset.o)
                0x08004118                memset
 .text.printf   0x080041b4       0x28 /home/helmutresch/Bin/gcc-arm-none-eabi-5_4-2016q3/bin/../lib/gcc/arm-none-eabi/5.4.1/../../../../arm-none-eabi/lib/armv7e-m/softfp/libg.a(lib_a-printf.o)
                0x080041b4                printf
 .text._puts_r  0x080041dc       0x68 /home/helmutresch/Bin/gcc-arm-none-eabi-5_4-2016q3/bin/../lib/gcc/arm-none-eabi/5.4.1/../../../../arm-none-eabi/lib/armv7e-m/softfp/libg.a(lib_a-puts.o)
                0x080041dc                _puts_r
 .text.puts     0x08004244       0x10 /home/helmutresch/Bin/gcc-arm-none-eabi-5_4-2016q3/bin/../lib/gcc/arm-none-eabi/5.4.1/../../../../arm-none-eabi/lib/armv7e-m/softfp/libg.a(lib_a-puts.o)
                0x08004244                puts
 .text.sprintf  0x08004254       0x4c /home/helmutresch/Bin/gcc-arm-none-eabi-5_4-2016q3/bin/../lib/gcc/arm-none-eabi/5.4.1/../../../../arm-none-eabi/lib/armv7e-m/softfp/libg.a(lib_a-sprintf.o)
                0x08004254                sprintf
 *fill*         0x080042a0       0x20 
 .text          0x080042c0       0xdc /home/helmutresch/Bin/gcc-arm-none-eabi-5_4-2016q3/bin/../lib/gcc/arm-none-eabi/5.4.1/../../../../arm-none-eabi/lib/armv7e-m/softfp/libg.a(lib_a-strlen.o)
                0x080042c0                strlen
 .text.strncmp  0x0800439c       0xa0 /home/helmutresch/Bin/gcc-arm-none-eabi-5_4-2016q3/bin/../lib/gcc/arm-none-eabi/5.4.1/../../../../arm-none-eabi/lib/armv7e-m/softfp/libg.a(lib_a-strncmp.o)
                0x0800439c                strncmp
 *fill*         0x0800443c        0x4 
 .text._svfprintf_r
                0x08004440     0x16f4 /home/helmutresch/Bin/gcc-arm-none-eabi-5_4-2016q3/bin/../lib/gcc/arm-none-eabi/5.4.1/../../../../arm-none-eabi/lib/armv7e-m/softfp/libg.a(lib_a-svfprintf.o)
                0x08004440                _svfprintf_r
 *fill*         0x08005b34        0x4 
 .text._vfprintf_r
                0x08005b38     0x1738 /home/helmutresch/Bin/gcc-arm-none-eabi-5_4-2016q3/bin/../lib/gcc/arm-none-eabi/5.4.1/../../../../arm-none-eabi/lib/armv7e-m/softfp/libg.a(lib_a-vfprintf.o)
                0x08005b38                _vfprintf_r
 .text.__sbprintf
                0x08007270       0x6c /home/helmutresch/Bin/gcc-arm-none-eabi-5_4-2016q3/bin/../lib/gcc/arm-none-eabi/5.4.1/../../../../arm-none-eabi/lib/armv7e-m/softfp/libg.a(lib_a-vfprintf.o)
 .text._vsprintf_r
                0x080072dc       0x34 /home/helmutresch/Bin/gcc-arm-none-eabi-5_4-2016q3/bin/../lib/gcc/arm-none-eabi/5.4.1/../../../../arm-none-eabi/lib/armv7e-m/softfp/libg.a(lib_a-vsprintf.o)
                0x080072dc                _vsprintf_r
 .text.vsprintf
                0x08007310       0x18 /home/helmutresch/Bin/gcc-arm-none-eabi-5_4-2016q3/bin/../lib/gcc/arm-none-eabi/5.4.1/../../../../arm-none-eabi/lib/armv7e-m/softfp/libg.a(lib_a-vsprintf.o)
                0x08007310                vsprintf
 .text.__swsetup_r
                0x08007328       0xc8 /home/helmutresch/Bin/gcc-arm-none-eabi-5_4-2016q3/bin/../lib/gcc/arm-none-eabi/5.4.1/../../../../arm-none-eabi/lib/armv7e-m/softfp/libg.a(lib_a-wsetup.o)
                0x08007328                __swsetup_r
 .text.quorem   0x080073f0      0x128 /home/helmutresch/Bin/gcc-arm-none-eabi-5_4-2016q3/bin/../lib/gcc/arm-none-eabi/5.4.1/../../../../arm-none-eabi/lib/armv7e-m/softfp/libg.a(lib_a-dtoa.o)
 .text._dtoa_r  0x08007518      0xe2c /home/helmutresch/Bin/gcc-arm-none-eabi-5_4-2016q3/bin/../lib/gcc/arm-none-eabi/5.4.1/../../../../arm-none-eabi/lib/armv7e-m/softfp/libg.a(lib_a-dtoa.o)
                0x08007518                _dtoa_r
 .text.__sflush_r
                0x08008344      0x148 /home/helmutresch/Bin/gcc-arm-none-eabi-5_4-2016q3/bin/../lib/gcc/arm-none-eabi/5.4.1/../../../../arm-none-eabi/lib/armv7e-m/softfp/libg.a(lib_a-fflush.o)
                0x08008344                __sflush_r
 .text._fflush_r
                0x0800848c       0x2c /home/helmutresch/Bin/gcc-arm-none-eabi-5_4-2016q3/bin/../lib/gcc/arm-none-eabi/5.4.1/../../../../arm-none-eabi/lib/armv7e-m/softfp/libg.a(lib_a-fflush.o)
                0x0800848c                _fflush_r
 .text._cleanup_r
                0x080084b8        0xc /home/helmutresch/Bin/gcc-arm-none-eabi-5_4-2016q3/bin/../lib/gcc/arm-none-eabi/5.4.1/../../../../arm-none-eabi/lib/armv7e-m/softfp/libg.a(lib_a-findfp.o)
                0x080084b8                _cleanup_r
 .text.__sinit.part.1
                0x080084c4       0xf0 /home/helmutresch/Bin/gcc-arm-none-eabi-5_4-2016q3/bin/../lib/gcc/arm-none-eabi/5.4.1/../../../../arm-none-eabi/lib/armv7e-m/softfp/libg.a(lib_a-findfp.o)
 .text.__sinit  0x080085b4        0xc /home/helmutresch/Bin/gcc-arm-none-eabi-5_4-2016q3/bin/../lib/gcc/arm-none-eabi/5.4.1/../../../../arm-none-eabi/lib/armv7e-m/softfp/libg.a(lib_a-findfp.o)
                0x080085b4                __sinit
 .text.__sfp_lock_acquire
                0x080085c0        0x4 /home/helmutresch/Bin/gcc-arm-none-eabi-5_4-2016q3/bin/../lib/gcc/arm-none-eabi/5.4.1/../../../../arm-none-eabi/lib/armv7e-m/softfp/libg.a(lib_a-findfp.o)
                0x080085c0                __sfp_lock_acquire
 .text.__sfp_lock_release
                0x080085c4        0x4 /home/helmutresch/Bin/gcc-arm-none-eabi-5_4-2016q3/bin/../lib/gcc/arm-none-eabi/5.4.1/../../../../arm-none-eabi/lib/armv7e-m/softfp/libg.a(lib_a-findfp.o)
                0x080085c4                __sfp_lock_release
 .text._malloc_trim_r
                0x080085c8       0x9c /home/helmutresch/Bin/gcc-arm-none-eabi-5_4-2016q3/bin/../lib/gcc/arm-none-eabi/5.4.1/../../../../arm-none-eabi/lib/armv7e-m/softfp/libg.a(lib_a-freer.o)
                0x080085c8                _malloc_trim_r
 .text._free_r  0x08008664      0x1d0 /home/helmutresch/Bin/gcc-arm-none-eabi-5_4-2016q3/bin/../lib/gcc/arm-none-eabi/5.4.1/../../../../arm-none-eabi/lib/armv7e-m/softfp/libg.a(lib_a-freer.o)
                0x08008664                _free_r
 .text.__sfvwrite_r
                0x08008834      0x304 /home/helmutresch/Bin/gcc-arm-none-eabi-5_4-2016q3/bin/../lib/gcc/arm-none-eabi/5.4.1/../../../../arm-none-eabi/lib/armv7e-m/softfp/libg.a(lib_a-fvwrite.o)
                0x08008834                __sfvwrite_r
 .text._fwalk_reent
                0x08008b38       0x54 /home/helmutresch/Bin/gcc-arm-none-eabi-5_4-2016q3/bin/../lib/gcc/arm-none-eabi/5.4.1/../../../../arm-none-eabi/lib/armv7e-m/softfp/libg.a(lib_a-fwalk.o)
                0x08008b38                _fwalk_reent
 .text.__locale_mb_cur_max
                0x08008b8c       0x1c /home/helmutresch/Bin/gcc-arm-none-eabi-5_4-2016q3/bin/../lib/gcc/arm-none-eabi/5.4.1/../../../../arm-none-eabi/lib/armv7e-m/softfp/libg.a(lib_a-locale.o)
                0x08008b8c                __locale_mb_cur_max
 .text._localeconv_r
                0x08008ba8       0x1c /home/helmutresch/Bin/gcc-arm-none-eabi-5_4-2016q3/bin/../lib/gcc/arm-none-eabi/5.4.1/../../../../arm-none-eabi/lib/armv7e-m/softfp/libg.a(lib_a-localeconv.o)
                0x08008ba8                _localeconv_r
 .text.__swhatbuf_r
                0x08008bc4       0x60 /home/helmutresch/Bin/gcc-arm-none-eabi-5_4-2016q3/bin/../lib/gcc/arm-none-eabi/5.4.1/../../../../arm-none-eabi/lib/armv7e-m/softfp/libg.a(lib_a-makebuf.o)
                0x08008bc4                __swhatbuf_r
 .text.__smakebuf_r
                0x08008c24       0x88 /home/helmutresch/Bin/gcc-arm-none-eabi-5_4-2016q3/bin/../lib/gcc/arm-none-eabi/5.4.1/../../../../arm-none-eabi/lib/armv7e-m/softfp/libg.a(lib_a-makebuf.o)
                0x08008c24                __smakebuf_r
 .text._malloc_r
                0x08008cac      0x570 /home/helmutresch/Bin/gcc-arm-none-eabi-5_4-2016q3/bin/../lib/gcc/arm-none-eabi/5.4.1/../../../../arm-none-eabi/lib/armv7e-m/softfp/libg.a(lib_a-mallocr.o)
                0x08008cac                _malloc_r
 .text.__ascii_mbtowc
                0x0800921c       0x2c /home/helmutresch/Bin/gcc-arm-none-eabi-5_4-2016q3/bin/../lib/gcc/arm-none-eabi/5.4.1/../../../../arm-none-eabi/lib/armv7e-m/softfp/libg.a(lib_a-mbtowc_r.o)
                0x0800921c                __ascii_mbtowc
 *fill*         0x08009248        0x8 
 .text          0x08009250       0xa0 /home/helmutresch/Bin/gcc-arm-none-eabi-5_4-2016q3/bin/../lib/gcc/arm-none-eabi/5.4.1/../../../../arm-none-eabi/lib/armv7e-m/softfp/libg.a(lib_a-memchr.o)
                0x08009250                memchr
 .text.memmove  0x080092f0       0xc8 /home/helmutresch/Bin/gcc-arm-none-eabi-5_4-2016q3/bin/../lib/gcc/arm-none-eabi/5.4.1/../../../../arm-none-eabi/lib/armv7e-m/softfp/libg.a(lib_a-memmove.o)
                0x080092f0                memmove
 .text.__malloc_lock
                0x080093b8        0x4 /home/helmutresch/Bin/gcc-arm-none-eabi-5_4-2016q3/bin/../lib/gcc/arm-none-eabi/5.4.1/../../../../arm-none-eabi/lib/armv7e-m/softfp/libg.a(lib_a-mlock.o)
                0x080093b8                __malloc_lock
 .text.__malloc_unlock
                0x080093bc        0x4 /home/helmutresch/Bin/gcc-arm-none-eabi-5_4-2016q3/bin/../lib/gcc/arm-none-eabi/5.4.1/../../../../arm-none-eabi/lib/armv7e-m/softfp/libg.a(lib_a-mlock.o)
                0x080093bc                __malloc_unlock
 .text._Balloc  0x080093c0       0x4c /home/helmutresch/Bin/gcc-arm-none-eabi-5_4-2016q3/bin/../lib/gcc/arm-none-eabi/5.4.1/../../../../arm-none-eabi/lib/armv7e-m/softfp/libg.a(lib_a-mprec.o)
                0x080093c0                _Balloc
 .text._Bfree   0x0800940c       0x14 /home/helmutresch/Bin/gcc-arm-none-eabi-5_4-2016q3/bin/../lib/gcc/arm-none-eabi/5.4.1/../../../../arm-none-eabi/lib/armv7e-m/softfp/libg.a(lib_a-mprec.o)
                0x0800940c                _Bfree
 .text.__multadd
                0x08009420       0x80 /home/helmutresch/Bin/gcc-arm-none-eabi-5_4-2016q3/bin/../lib/gcc/arm-none-eabi/5.4.1/../../../../arm-none-eabi/lib/armv7e-m/softfp/libg.a(lib_a-mprec.o)
                0x08009420                __multadd
 .text.__hi0bits
                0x080094a0       0x40 /home/helmutresch/Bin/gcc-arm-none-eabi-5_4-2016q3/bin/../lib/gcc/arm-none-eabi/5.4.1/../../../../arm-none-eabi/lib/armv7e-m/softfp/libg.a(lib_a-mprec.o)
                0x080094a0                __hi0bits
 .text.__lo0bits
                0x080094e0       0x5c /home/helmutresch/Bin/gcc-arm-none-eabi-5_4-2016q3/bin/../lib/gcc/arm-none-eabi/5.4.1/../../../../arm-none-eabi/lib/armv7e-m/softfp/libg.a(lib_a-mprec.o)
                0x080094e0                __lo0bits
 .text.__i2b    0x0800953c       0x14 /home/helmutresch/Bin/gcc-arm-none-eabi-5_4-2016q3/bin/../lib/gcc/arm-none-eabi/5.4.1/../../../../arm-none-eabi/lib/armv7e-m/softfp/libg.a(lib_a-mprec.o)
                0x0800953c                __i2b
 .text.__multiply
                0x08009550      0x130 /home/helmutresch/Bin/gcc-arm-none-eabi-5_4-2016q3/bin/../lib/gcc/arm-none-eabi/5.4.1/../../../../arm-none-eabi/lib/armv7e-m/softfp/libg.a(lib_a-mprec.o)
                0x08009550                __multiply
 .text.__pow5mult
                0x08009680       0xa0 /home/helmutresch/Bin/gcc-arm-none-eabi-5_4-2016q3/bin/../lib/gcc/arm-none-eabi/5.4.1/../../../../arm-none-eabi/lib/armv7e-m/softfp/libg.a(lib_a-mprec.o)
                0x08009680                __pow5mult
 .text.__lshift
                0x08009720       0xb0 /home/helmutresch/Bin/gcc-arm-none-eabi-5_4-2016q3/bin/../lib/gcc/arm-none-eabi/5.4.1/../../../../arm-none-eabi/lib/armv7e-m/softfp/libg.a(lib_a-mprec.o)
                0x08009720                __lshift
 .text.__mcmp   0x080097d0       0x44 /home/helmutresch/Bin/gcc-arm-none-eabi-5_4-2016q3/bin/../lib/gcc/arm-none-eabi/5.4.1/../../../../arm-none-eabi/lib/armv7e-m/softfp/libg.a(lib_a-mprec.o)
                0x080097d0                __mcmp
 .text.__mdiff  0x08009814      0x114 /home/helmutresch/Bin/gcc-arm-none-eabi-5_4-2016q3/bin/../lib/gcc/arm-none-eabi/5.4.1/../../../../arm-none-eabi/lib/armv7e-m/softfp/libg.a(lib_a-mprec.o)
                0x08009814                __mdiff
 .text.__d2b    0x08009928       0xb8 /home/helmutresch/Bin/gcc-arm-none-eabi-5_4-2016q3/bin/../lib/gcc/arm-none-eabi/5.4.1/../../../../arm-none-eabi/lib/armv7e-m/softfp/libg.a(lib_a-mprec.o)
                0x08009928                __d2b
 .text._realloc_r
                0x080099e0      0x3e0 /home/helmutresch/Bin/gcc-arm-none-eabi-5_4-2016q3/bin/../lib/gcc/arm-none-eabi/5.4.1/../../../../arm-none-eabi/lib/armv7e-m/softfp/libg.a(lib_a-reallocr.o)
                0x080099e0                _realloc_r
 .text._sbrk_r  0x08009dc0       0x24 /home/helmutresch/Bin/gcc-arm-none-eabi-5_4-2016q3/bin/../lib/gcc/arm-none-eabi/5.4.1/../../../../arm-none-eabi/lib/armv7e-m/softfp/libg.a(lib_a-sbrkr.o)
                0x08009dc0                _sbrk_r
 .text.__sread  0x08009de4       0x24 /home/helmutresch/Bin/gcc-arm-none-eabi-5_4-2016q3/bin/../lib/gcc/arm-none-eabi/5.4.1/../../../../arm-none-eabi/lib/armv7e-m/softfp/libg.a(lib_a-stdio.o)
                0x08009de4                __sread
 .text.__swrite
                0x08009e08       0x3c /home/helmutresch/Bin/gcc-arm-none-eabi-5_4-2016q3/bin/../lib/gcc/arm-none-eabi/5.4.1/../../../../arm-none-eabi/lib/armv7e-m/softfp/libg.a(lib_a-stdio.o)
                0x08009e08                __swrite
 .text.__sseek  0x08009e44       0x20 /home/helmutresch/Bin/gcc-arm-none-eabi-5_4-2016q3/bin/../lib/gcc/arm-none-eabi/5.4.1/../../../../arm-none-eabi/lib/armv7e-m/softfp/libg.a(lib_a-stdio.o)
                0x08009e44                __sseek
 .text.__sclose
                0x08009e64        0x8 /home/helmutresch/Bin/gcc-arm-none-eabi-5_4-2016q3/bin/../lib/gcc/arm-none-eabi/5.4.1/../../../../arm-none-eabi/lib/armv7e-m/softfp/libg.a(lib_a-stdio.o)
                0x08009e64                __sclose
 .text.__ssprint_r
                0x08009e6c      0x100 /home/helmutresch/Bin/gcc-arm-none-eabi-5_4-2016q3/bin/../lib/gcc/arm-none-eabi/5.4.1/../../../../arm-none-eabi/lib/armv7e-m/softfp/libg.a(lib_a-svfiprintf.o)
                0x08009e6c                __ssprint_r
 .text.__sprint_r.part.0
                0x08009f6c       0x78 /home/helmutresch/Bin/gcc-arm-none-eabi-5_4-2016q3/bin/../lib/gcc/arm-none-eabi/5.4.1/../../../../arm-none-eabi/lib/armv7e-m/softfp/libg.a(lib_a-vfiprintf.o)
 .text.__sprint_r
                0x08009fe4       0x14 /home/helmutresch/Bin/gcc-arm-none-eabi-5_4-2016q3/bin/../lib/gcc/arm-none-eabi/5.4.1/../../../../arm-none-eabi/lib/armv7e-m/softfp/libg.a(lib_a-vfiprintf.o)
                0x08009fe4                __sprint_r
 .text.__ascii_wctomb
                0x08009ff8       0x1c /home/helmutresch/Bin/gcc-arm-none-eabi-5_4-2016q3/bin/../lib/gcc/arm-none-eabi/5.4.1/../../../../arm-none-eabi/lib/armv7e-m/softfp/libg.a(lib_a-wctomb_r.o)
                0x08009ff8                __ascii_wctomb
 .text._write_r
                0x0800a014       0x2c /home/helmutresch/Bin/gcc-arm-none-eabi-5_4-2016q3/bin/../lib/gcc/arm-none-eabi/5.4.1/../../../../arm-none-eabi/lib/armv7e-m/softfp/libg.a(lib_a-writer.o)
                0x0800a014                _write_r
 .text._calloc_r
                0x0800a040       0x60 /home/helmutresch/Bin/gcc-arm-none-eabi-5_4-2016q3/bin/../lib/gcc/arm-none-eabi/5.4.1/../../../../arm-none-eabi/lib/armv7e-m/softfp/libg.a(lib_a-callocr.o)
                0x0800a040                _calloc_r
 .text._close_r
                0x0800a0a0       0x24 /home/helmutresch/Bin/gcc-arm-none-eabi-5_4-2016q3/bin/../lib/gcc/arm-none-eabi/5.4.1/../../../../arm-none-eabi/lib/armv7e-m/softfp/libg.a(lib_a-closer.o)
                0x0800a0a0                _close_r
 .text._fclose_r
                0x0800a0c4       0x84 /home/helmutresch/Bin/gcc-arm-none-eabi-5_4-2016q3/bin/../lib/gcc/arm-none-eabi/5.4.1/../../../../arm-none-eabi/lib/armv7e-m/softfp/libg.a(lib_a-fclose.o)
                0x0800a0c4                _fclose_r
 .text.__fputwc
                0x0800a148       0x98 /home/helmutresch/Bin/gcc-arm-none-eabi-5_4-2016q3/bin/../lib/gcc/arm-none-eabi/5.4.1/../../../../arm-none-eabi/lib/armv7e-m/softfp/libg.a(lib_a-fputwc.o)
                0x0800a148                __fputwc
 .text._fputwc_r
                0x0800a1e0       0x28 /home/helmutresch/Bin/gcc-arm-none-eabi-5_4-2016q3/bin/../lib/gcc/arm-none-eabi/5.4.1/../../../../arm-none-eabi/lib/armv7e-m/softfp/libg.a(lib_a-fputwc.o)
                0x0800a1e0                _fputwc_r
 .text._fstat_r
                0x0800a208       0x28 /home/helmutresch/Bin/gcc-arm-none-eabi-5_4-2016q3/bin/../lib/gcc/arm-none-eabi/5.4.1/../../../../arm-none-eabi/lib/armv7e-m/softfp/libg.a(lib_a-fstatr.o)
                0x0800a208                _fstat_r
 .text._isatty_r
                0x0800a230       0x24 /home/helmutresch/Bin/gcc-arm-none-eabi-5_4-2016q3/bin/../lib/gcc/arm-none-eabi/5.4.1/../../../../arm-none-eabi/lib/armv7e-m/softfp/libg.a(lib_a-isattyr.o)
                0x0800a230                _isatty_r
 .text._lseek_r
                0x0800a254       0x2c /home/helmutresch/Bin/gcc-arm-none-eabi-5_4-2016q3/bin/../lib/gcc/arm-none-eabi/5.4.1/../../../../arm-none-eabi/lib/armv7e-m/softfp/libg.a(lib_a-lseekr.o)
                0x0800a254                _lseek_r
 .text._read_r  0x0800a280       0x2c /home/helmutresch/Bin/gcc-arm-none-eabi-5_4-2016q3/bin/../lib/gcc/arm-none-eabi/5.4.1/../../../../arm-none-eabi/lib/armv7e-m/softfp/libg.a(lib_a-readr.o)
                0x0800a280                _read_r
 .text.__swbuf_r
                0x0800a2ac       0xac /home/helmutresch/Bin/gcc-arm-none-eabi-5_4-2016q3/bin/../lib/gcc/arm-none-eabi/5.4.1/../../../../arm-none-eabi/lib/armv7e-m/softfp/libg.a(lib_a-wbuf.o)
                0x0800a2ac                __swbuf_r
 .text._wcrtomb_r
                0x0800a358       0x54 /home/helmutresch/Bin/gcc-arm-none-eabi-5_4-2016q3/bin/../lib/gcc/arm-none-eabi/5.4.1/../../../../arm-none-eabi/lib/armv7e-m/softfp/libg.a(lib_a-wcrtomb.o)
                0x0800a358                _wcrtomb_r
 .text          0x0800a3ac       0x30 /home/helmutresch/Bin/gcc-arm-none-eabi-5_4-2016q3/bin/../lib/gcc/arm-none-eabi/5.4.1/armv7e-m/softfp/libgcc.a(_aeabi_uldivmod.o)
                0x0800a3ac                __aeabi_uldivmod
 .text          0x0800a3dc      0x2e4 /home/helmutresch/Bin/gcc-arm-none-eabi-5_4-2016q3/bin/../lib/gcc/arm-none-eabi/5.4.1/armv7e-m/softfp/libgcc.a(_udivmoddi4.o)
                0x0800a3dc                __udivmoddi4
 .text          0x0800a6c0        0x4 /home/helmutresch/Bin/gcc-arm-none-eabi-5_4-2016q3/bin/../lib/gcc/arm-none-eabi/5.4.1/armv7e-m/softfp/libgcc.a(_dvmd_tls.o)
                0x0800a6c0                __aeabi_ldiv0
                0x0800a6c0                __aeabi_idiv0
 *(.init)
 *(.fini)
 *crtbegin.o(.ctors)
 *crtbegin?.o(.ctors)
 *(EXCLUDE_FILE(*crtend.o *crtend?.o) .ctors)
 *(SORT(.ctors.*))
 *(.ctors)
 *crtbegin.o(.dtors)
 *crtbegin?.o(.dtors)
 *(EXCLUDE_FILE(*crtend.o *crtend?.o) .dtors)
 *(SORT(.dtors.*))
 *(.dtors)
 *(.rodata .rodata.*)
 .rodata        0x0800a6c4       0x7c src/3Daccel_out_library.o
 .rodata        0x0800a740      0x116 src/lis3dh_library.o
 *fill*         0x0800a856        0x2 
 .rodata        0x0800a858       0x2e src/3Daccel_app.o
 *fill*         0x0800a886        0x2 
 .rodata.atanlo
                0x0800a888       0x20 /home/helmutresch/Bin/gcc-arm-none-eabi-5_4-2016q3/bin/../lib/gcc/arm-none-eabi/5.4.1/../../../../arm-none-eabi/lib/armv7e-m/softfp/libm.a(lib_a-s_atan.o)
 .rodata.atanhi
                0x0800a8a8       0x20 /home/helmutresch/Bin/gcc-arm-none-eabi-5_4-2016q3/bin/../lib/gcc/arm-none-eabi/5.4.1/../../../../arm-none-eabi/lib/armv7e-m/softfp/libm.a(lib_a-s_atan.o)
 .rodata.str1.4
                0x0800a8c8        0x5 /home/helmutresch/Bin/gcc-arm-none-eabi-5_4-2016q3/bin/../lib/gcc/arm-none-eabi/5.4.1/../../../../arm-none-eabi/lib/armv7e-m/softfp/libm.a(lib_a-w_sqrt.o)
 *fill*         0x0800a8cd        0x3 
 .rodata.str1.4
                0x0800a8d0        0x2 /home/helmutresch/Bin/gcc-arm-none-eabi-5_4-2016q3/bin/../lib/gcc/arm-none-eabi/5.4.1/../../../../arm-none-eabi/lib/armv7e-m/softfp/libg.a(lib_a-puts.o)
 *fill*         0x0800a8d2        0x2 
 .rodata.zeroes.7258
                0x0800a8d4       0x10 /home/helmutresch/Bin/gcc-arm-none-eabi-5_4-2016q3/bin/../lib/gcc/arm-none-eabi/5.4.1/../../../../arm-none-eabi/lib/armv7e-m/softfp/libg.a(lib_a-svfprintf.o)
 .rodata.str1.4
                0x0800a8e4       0x42 /home/helmutresch/Bin/gcc-arm-none-eabi-5_4-2016q3/bin/../lib/gcc/arm-none-eabi/5.4.1/../../../../arm-none-eabi/lib/armv7e-m/softfp/libg.a(lib_a-svfprintf.o)
 *fill*         0x0800a926        0x2 
 .rodata.blanks.7257
                0x0800a928       0x10 /home/helmutresch/Bin/gcc-arm-none-eabi-5_4-2016q3/bin/../lib/gcc/arm-none-eabi/5.4.1/../../../../arm-none-eabi/lib/armv7e-m/softfp/libg.a(lib_a-svfprintf.o)
 .rodata.zeroes.7273
                0x0800a938       0x10 /home/helmutresch/Bin/gcc-arm-none-eabi-5_4-2016q3/bin/../lib/gcc/arm-none-eabi/5.4.1/../../../../arm-none-eabi/lib/armv7e-m/softfp/libg.a(lib_a-vfprintf.o)
 .rodata.str1.4
                0x0800a948       0x42 /home/helmutresch/Bin/gcc-arm-none-eabi-5_4-2016q3/bin/../lib/gcc/arm-none-eabi/5.4.1/../../../../arm-none-eabi/lib/armv7e-m/softfp/libg.a(lib_a-vfprintf.o)
 .rodata.blanks.7272
                0x0800a948       0x10 /home/helmutresch/Bin/gcc-arm-none-eabi-5_4-2016q3/bin/../lib/gcc/arm-none-eabi/5.4.1/../../../../arm-none-eabi/lib/armv7e-m/softfp/libg.a(lib_a-vfprintf.o)
 .rodata.str1.4
                0x0800a958       0x10 /home/helmutresch/Bin/gcc-arm-none-eabi-5_4-2016q3/bin/../lib/gcc/arm-none-eabi/5.4.1/../../../../arm-none-eabi/lib/armv7e-m/softfp/libg.a(lib_a-dtoa.o)
                                 0x12 (size before relaxing)
 .rodata.str1.4
                0x0800a968       0x10 /home/helmutresch/Bin/gcc-arm-none-eabi-5_4-2016q3/bin/../lib/gcc/arm-none-eabi/5.4.1/../../../../arm-none-eabi/lib/armv7e-m/softfp/libg.a(lib_a-locale.o)
                                 0x12 (size before relaxing)
 .rodata.__mprec_tens
                0x0800a978       0xc8 /home/helmutresch/Bin/gcc-arm-none-eabi-5_4-2016q3/bin/../lib/gcc/arm-none-eabi/5.4.1/../../../../arm-none-eabi/lib/armv7e-m/softfp/libg.a(lib_a-mprec.o)
                0x0800a978                __mprec_tens
 .rodata.__mprec_bigtens
                0x0800aa40       0x28 /home/helmutresch/Bin/gcc-arm-none-eabi-5_4-2016q3/bin/../lib/gcc/arm-none-eabi/5.4.1/../../../../arm-none-eabi/lib/armv7e-m/softfp/libg.a(lib_a-mprec.o)
                0x0800aa40                __mprec_bigtens
 .rodata.p05.6087
                0x0800aa68        0xc /home/helmutresch/Bin/gcc-arm-none-eabi-5_4-2016q3/bin/../lib/gcc/arm-none-eabi/5.4.1/../../../../arm-none-eabi/lib/armv7e-m/softfp/libg.a(lib_a-mprec.o)
 .rodata._ctype_
                0x0800aa74      0x101 /home/helmutresch/Bin/gcc-arm-none-eabi-5_4-2016q3/bin/../lib/gcc/arm-none-eabi/5.4.1/../../../../arm-none-eabi/lib/armv7e-m/softfp/libg.a(lib_a-ctype_.o)
                0x0800aa74                _ctype_
 *(.gnu.linkonce.r*)
 *(vtable)
                0x0800ab78                . = ALIGN (0x4)
 *fill*         0x0800ab75        0x3 

.glue_7         0x0800ab78        0x0 load address 0x0c00ab78
 .glue_7        0x0800ab78        0x0 linker stubs

.glue_7t        0x0800ab78        0x0 load address 0x0c00ab78
 .glue_7t       0x0800ab78        0x0 linker stubs

.vfp11_veneer   0x0800ab78        0x0 load address 0x0c00ab78
 .vfp11_veneer  0x0800ab78        0x0 linker stubs

.v4_bx          0x0800ab78        0x0 load address 0x0c00ab78
 .v4_bx         0x0800ab78        0x0 linker stubs

.iplt           0x0800ab78        0x0 load address 0x0c00ab78
 .iplt          0x0800ab78        0x0 src/xmc4500_uart_lib.o

.eh_frame_hdr
 *(.eh_frame_hdr)

.eh_frame
 *(.eh_frame)

.ARM.extab
 *(.ARM.extab* .gnu.linkonce.armextab.*)
                0x0800ab78                . = ALIGN (0x4)
                0x0800ab78                __exidx_start = .

.ARM.exidx      0x0800ab78        0x8 load address 0x0c00ab78
 *(.ARM.exidx* .gnu.linkonce.armexidx.*)
 .ARM.exidx     0x0800ab78        0x8 /home/helmutresch/Bin/gcc-arm-none-eabi-5_4-2016q3/bin/../lib/gcc/arm-none-eabi/5.4.1/armv7e-m/softfp/libgcc.a(_udivmoddi4.o)
                0x0800ab80                __exidx_end = .

.rel.dyn        0x0800ab80        0x0 load address 0x0c00ab80
 .rel.iplt      0x0800ab80        0x0 src/xmc4500_uart_lib.o
                0x0800ab80                . = ALIGN (0x4)

Stack           0x10000000      0x800
                0x10000000                __stack_start = .
                0x10000800                . = (. + stack_size)
 *fill*         0x10000000      0x800 
                0x10000800                __stack_end = .
                0x10000800                __initial_sp = .

.ram_code       0x10000800        0x0 load address 0x0c00ab80
                0x10000800                . = ALIGN (0x4)
                0x10000800                __ram_code_start = .
 *(.ram_code)
                0x10000800                . = ALIGN (0x4)
                0x10000800                __ram_code_end = .
                0x0c00ab80                __ram_code_load = LOADADDR (.ram_code)
                0x00000000                __ram_code_size = (__ram_code_end - __ram_code_start)

PSRAM_DATA      0x10000800        0x0 load address 0x0c00ab80
                0x10000800                . = ALIGN (0x4)
                0x10000800                __data3_start = .
 *(PSRAM_DATA)
                0x10000800                . = ALIGN (0x4)
                0x10000800                __data3_end = .
                0x0c00ab80                __data3_load = LOADADDR (PSRAM_DATA)
                0x00000000                __data3_size = (__data3_end - __data3_start)

PSRAM_BSS       0x10000800        0x0 load address 0x0c00ab80
                0x10000800                . = ALIGN (0x4)
                0x10000800                __bss3_start = .
 *(PSRAM_BSS)
                0x10000800                . = ALIGN (0x4)
                0x10000800                __bss3_end = .
                0x10000800                . = ALIGN (0x8)
                0x10000800                Heap_Bank3_Start = .
                0x00000000                __bss3_size = (__bss3_end - __bss3_start)

.data           0x20000000      0x9e8 load address 0x0c00ab80
                0x20000000                . = ALIGN (0x4)
                0x20000000                __data_start = .
 *(.data)
 *(.data*)
 .data.uart_tx  0x20000000        0xc src/xmc4500_uart_lib.o
                0x20000000                uart_tx
 .data.uart_config
                0x2000000c        0xc src/xmc4500_uart_lib.o
                0x2000000c                uart_config
 .data.i2c_sda  0x20000018        0xc src/xmc4500_i2c_lib.o
                0x20000018                i2c_sda
 .data.i2c_scl  0x20000024        0xc src/xmc4500_i2c_lib.o
                0x20000024                i2c_scl
 .data.i2c_cfg  0x20000030        0x8 src/xmc4500_i2c_lib.o
                0x20000030                i2c_cfg
 .data.__fdlib_version
                0x20000038        0x1 /home/helmutresch/Bin/gcc-arm-none-eabi-5_4-2016q3/bin/../lib/gcc/arm-none-eabi/5.4.1/../../../../arm-none-eabi/lib/armv7e-m/softfp/libm.a(lib_a-s_lib_ver.o)
                0x20000038                __fdlib_version
 *fill*         0x20000039        0x7 
 .data.impure_data
                0x20000040      0x428 /home/helmutresch/Bin/gcc-arm-none-eabi-5_4-2016q3/bin/../lib/gcc/arm-none-eabi/5.4.1/../../../../arm-none-eabi/lib/armv7e-m/softfp/libg.a(lib_a-impure.o)
 .data._impure_ptr
                0x20000468        0x4 /home/helmutresch/Bin/gcc-arm-none-eabi-5_4-2016q3/bin/../lib/gcc/arm-none-eabi/5.4.1/../../../../arm-none-eabi/lib/armv7e-m/softfp/libg.a(lib_a-impure.o)
                0x20000468                _impure_ptr
 .data.__global_locale
                0x2000046c      0x16c /home/helmutresch/Bin/gcc-arm-none-eabi-5_4-2016q3/bin/../lib/gcc/arm-none-eabi/5.4.1/../../../../arm-none-eabi/lib/armv7e-m/softfp/libg.a(lib_a-locale.o)
                0x2000046c                __global_locale
 .data.__malloc_av_
                0x200005d8      0x408 /home/helmutresch/Bin/gcc-arm-none-eabi-5_4-2016q3/bin/../lib/gcc/arm-none-eabi/5.4.1/../../../../arm-none-eabi/lib/armv7e-m/softfp/libg.a(lib_a-mallocr.o)
                0x200005d8                __malloc_av_
 .data.__malloc_trim_threshold
                0x200009e0        0x4 /home/helmutresch/Bin/gcc-arm-none-eabi-5_4-2016q3/bin/../lib/gcc/arm-none-eabi/5.4.1/../../../../arm-none-eabi/lib/armv7e-m/softfp/libg.a(lib_a-mallocr.o)
                0x200009e0                __malloc_trim_threshold
 .data.__malloc_sbrk_base
                0x200009e4        0x4 /home/helmutresch/Bin/gcc-arm-none-eabi-5_4-2016q3/bin/../lib/gcc/arm-none-eabi/5.4.1/../../../../arm-none-eabi/lib/armv7e-m/softfp/libg.a(lib_a-mallocr.o)
                0x200009e4                __malloc_sbrk_base
 *(*.data)
 *(.gnu.linkonce.d*)
                0x200009e8                . = ALIGN (0x4)
                0x200009e8                PROVIDE (__preinit_array_start, .)
 *(.preinit_array)
                0x200009e8                PROVIDE (__preinit_array_end, .)
                0x200009e8                . = ALIGN (0x4)
                0x200009e8                PROVIDE (__init_array_start, .)
 *(SORT(.init_array.*))
 *(.init_array)
                0x200009e8                PROVIDE (__init_array_end, .)
                0x200009e8                . = ALIGN (0x4)
                [!provide]                PROVIDE (__fini_array_start, .)
 *(SORT(.fini_array.*))
 *(.fini_array)
                [!provide]                PROVIDE (__fini_array_end, .)
                0x200009e8                . = ALIGN (0x4)
                0x200009e8                __data_end = .
                0x0c00ab80                __data_load = LOADADDR (.data)
                0x000009e8                __data_size = (__data_end - __data_start)

.igot.plt       0x200009e8        0x0 load address 0x0c00b568
 .igot.plt      0x200009e8        0x0 src/xmc4500_uart_lib.o

.bss            0x200009e8       0xd8 load address 0x0c00b568
                0x200009e8                . = ALIGN (0x4)
                0x200009e8                __bss_start = .
 *(.bss)
 *(.bss*)
 .bss.str_available
                0x200009e8        0x1 src/xmc4500_uart_lib.o
                0x200009e8                str_available
 *fill*         0x200009e9        0x3 
 .bss.rx_buffer
                0x200009ec       0x40 src/xmc4500_uart_lib.o
                0x200009ec                rx_buffer
 .bss.uart_rx   0x20000a2c        0xc src/xmc4500_uart_lib.o
                0x20000a2c                uart_rx
 .bss.rx_ctr.7958
                0x20000a38        0x1 src/xmc4500_uart_lib.o
 .bss.buttonIDpressed.10369
                0x20000a39        0x1 src/3Daccel_out_library.o
 *fill*         0x20000a3a        0x2 
 .bss.ticks.10368
                0x20000a3c        0x4 src/3Daccel_out_library.o
 .bss.ODR_old_value.10375
                0x20000a40        0x1 src/lis3dh_driver.o
 *fill*         0x20000a41        0x3 
 .bss.heap.4609
                0x20000a44        0x4 ./system/CMSIS/Infineon/Lib/System_LibcStubs.o
 .bss.HeapBound.4608
                0x20000a48        0x4 ./system/CMSIS/Infineon/Lib/System_LibcStubs.o
 .bss.__malloc_max_total_mem
                0x20000a4c        0x4 /home/helmutresch/Bin/gcc-arm-none-eabi-5_4-2016q3/bin/../lib/gcc/arm-none-eabi/5.4.1/../../../../arm-none-eabi/lib/armv7e-m/softfp/libg.a(lib_a-mallocr.o)
                0x20000a4c                __malloc_max_total_mem
 .bss.__malloc_max_sbrked_mem
                0x20000a50        0x4 /home/helmutresch/Bin/gcc-arm-none-eabi-5_4-2016q3/bin/../lib/gcc/arm-none-eabi/5.4.1/../../../../arm-none-eabi/lib/armv7e-m/softfp/libg.a(lib_a-mallocr.o)
                0x20000a50                __malloc_max_sbrked_mem
 .bss.__malloc_top_pad
                0x20000a54        0x4 /home/helmutresch/Bin/gcc-arm-none-eabi-5_4-2016q3/bin/../lib/gcc/arm-none-eabi/5.4.1/../../../../arm-none-eabi/lib/armv7e-m/softfp/libg.a(lib_a-mallocr.o)
                0x20000a54                __malloc_top_pad
 .bss.__malloc_current_mallinfo
                0x20000a58       0x28 /home/helmutresch/Bin/gcc-arm-none-eabi-5_4-2016q3/bin/../lib/gcc/arm-none-eabi/5.4.1/../../../../arm-none-eabi/lib/armv7e-m/softfp/libg.a(lib_a-mallocr.o)
                0x20000a58                __malloc_current_mallinfo
 *(COMMON)
 COMMON         0x20000a80       0x39 src/servo_library.o
                0x20000a80                statisticSend
                0x20000a81                outix
                0x20000a82                errorcount
                0x20000a83                full
                0x20000a84                cb
                0x20000a8e                position
                0x20000a8f                temperature
                0x20000a90                packagesSent
                0x20000a94                button2pressed
                0x20000a98                signal2
                0x20000aa0                button1pressed
                0x20000aa1                direction
                0x20000aa2                inix
                0x20000aa3                servoEnable
                0x20000aa4                old_position
                0x20000aa5                buttonSend
                0x20000aa8                readAxes
                0x20000ab0                signal1
                0x20000ab8                empty
 *fill*         0x20000ab9        0x3 
 COMMON         0x20000abc        0x4 /home/helmutresch/Bin/gcc-arm-none-eabi-5_4-2016q3/bin/../lib/gcc/arm-none-eabi/5.4.1/../../../../arm-none-eabi/lib/armv7e-m/softfp/libg.a(lib_a-reent.o)
                0x20000abc                errno
 *(.gnu.linkonce.b*)
                0x20000ac0                . = ALIGN (0x4)
                0x20000ac0                __bss_end = .
                0x20000ac0                . = ALIGN (0x8)
                0x20000ac0                Heap_Bank1_Start = .
                0x000000d8                __bss_size = (__bss_end - __bss_start)

.no_init        0x2000ffc0       0x14
                0x2000ffc0                Heap_Bank1_End = .
 *(.no_init)
 .no_init       0x2000ffc0       0x14 ./system/CMSIS/Infineon/XMC4500_series/Source/system_XMC4500.o
                0x2000ffc0                SystemCoreClock
                0x2000ffc4                g_chipid

DSRAM2_DATA     0x30000000        0x0 load address 0x0c00b568
                0x30000000                . = ALIGN (0x4)
                0x30000000                __data2_start = .
 *(DSRAM2_DATA)
                0x30000000                . = ALIGN (0x4)
                0x30000000                __data2_end = .
                0x0c00b568                __data2_load = LOADADDR (DSRAM2_DATA)
                0x00000000                __data2_size = (__data2_end - __data2_start)
                0x0000b568                __text_size = (((((__exidx_end - sText) + __data_size) + __ram_code_size) + __data2_size) + __data3_size)
                0x0800b568                eText = (sText + __text_size)

DSRAM2_BSS      0x30000000        0x0 load address 0x0c00b568
                0x30000000                . = ALIGN (0x4)
                0x30000000                __bss2_start = .
 *(ETH_RAM)
 *(USB_RAM)
 *(DSRAM2_BSS)
                0x30000000                . = ALIGN (0x4)
                0x30000000                __bss2_end = .
                0x30000000                . = ALIGN (0x8)
                0x30000000                Heap_Bank2_Start = .
                0x00000000                __bss2_size = (__bss2_end - __bss2_start)
                0x0000f500                Heap_Bank1_Size = (Heap_Bank1_End - Heap_Bank1_Start)
                0x00008000                Heap_Bank2_Size = (LENGTH (DSRAM_2_comm) - (Heap_Bank2_Start - ORIGIN (DSRAM_2_comm)))
                0x0000f800                Heap_Bank3_Size = (LENGTH (PSRAM_1) - (Heap_Bank3_Start - ORIGIN (PSRAM_1)))
                0x00000001                ASSERT ((Heap_Bank1_Start <= Heap_Bank1_End), region SRAM_combined overflowed no_init section)

/DISCARD/
 *(.comment)

.stab
 *(.stab)

.stabstr
 *(.stabstr)

.debug
 *(.debug)

.line
 *(.line)

.debug_srcinfo
 *(.debug_srcinfo)

.debug_sfnames
 *(.debug_sfnames)

.debug_aranges  0x00000000      0xb00
 *(.debug_aranges)
 .debug_aranges
                0x00000000       0x88 src/xmc4500_uart_lib.o
 .debug_aranges
                0x00000088       0x28 src/servo_library.o
 .debug_aranges
                0x000000b0       0x58 src/servo_driver.o
 .debug_aranges
                0x00000108       0x90 src/3Daccel_out_library.o
 .debug_aranges
                0x00000198       0x50 src/debug_lib.o
 .debug_aranges
                0x000001e8       0x60 src/xmc4500_i2c_lib.o
 .debug_aranges
                0x00000248       0x40 src/lis3dh_library.o
 .debug_aranges
                0x00000288      0x1a8 src/lis3dh_driver.o
 .debug_aranges
                0x00000430       0x30 src/3Daccel_app.o
 .debug_aranges
                0x00000460       0xa0 ./system/CMSIS/Infineon/Lib/System_LibcStubs.o
 .debug_aranges
                0x00000500       0x48 ./system/CMSIS/Infineon/XMC4500_series/Source/system_XMC4500.o
 .debug_aranges
                0x00000548       0x28 ./xmclib/src/xmc4_gpio.o
 .debug_aranges
                0x00000570       0x70 ./xmclib/src/xmc_uart.o
 .debug_aranges
                0x000005e0       0xa8 ./xmclib/src/xmc_i2c.o
 .debug_aranges
                0x00000688      0x3c8 ./xmclib/src/xmc4_scu.o
 .debug_aranges
                0x00000a50       0x90 ./xmclib/src/xmc_usic.o
 .debug_aranges
                0x00000ae0       0x20 /tmp/ccOpIMRC.o

.debug_pubnames
 *(.debug_pubnames)

.debug_pubtypes
 *(.debug_pubtypes)

.debug_info     0x00000000     0xb155
 *(.debug_info .gnu.linkonce.wi.*)
 .debug_info    0x00000000     0x113a src/xmc4500_uart_lib.o
 .debug_info    0x0000113a      0x2fc src/servo_library.o
 .debug_info    0x00001436      0xab7 src/servo_driver.o
 .debug_info    0x00001eed      0x912 src/3Daccel_out_library.o
 .debug_info    0x000027ff      0xfd4 src/debug_lib.o
 .debug_info    0x000037d3      0xc05 src/xmc4500_i2c_lib.o
 .debug_info    0x000043d8      0x539 src/lis3dh_library.o
 .debug_info    0x00004911     0x1189 src/lis3dh_driver.o
 .debug_info    0x00005a9a      0x938 src/3Daccel_app.o
 .debug_info    0x000063d2      0x636 ./system/CMSIS/Infineon/Lib/System_LibcStubs.o
 .debug_info    0x00006a08      0x7fb ./system/CMSIS/Infineon/XMC4500_series/Source/system_XMC4500.o
 .debug_info    0x00007203      0x409 ./xmclib/src/xmc4_gpio.o
 .debug_info    0x0000760c      0x815 ./xmclib/src/xmc_uart.o
 .debug_info    0x00007e21      0x9d7 ./xmclib/src/xmc_i2c.o
 .debug_info    0x000087f8     0x1de4 ./xmclib/src/xmc4_scu.o
 .debug_info    0x0000a5dc      0xade ./xmclib/src/xmc_usic.o
 .debug_info    0x0000b0ba       0x9b /tmp/ccOpIMRC.o

.debug_abbrev   0x00000000     0x1e71
 *(.debug_abbrev)
 .debug_abbrev  0x00000000      0x2b7 src/xmc4500_uart_lib.o
 .debug_abbrev  0x000002b7      0x10c src/servo_library.o
 .debug_abbrev  0x000003c3      0x199 src/servo_driver.o
 .debug_abbrev  0x0000055c      0x226 src/3Daccel_out_library.o
 .debug_abbrev  0x00000782      0x27a src/debug_lib.o
 .debug_abbrev  0x000009fc      0x253 src/xmc4500_i2c_lib.o
 .debug_abbrev  0x00000c4f      0x103 src/lis3dh_library.o
 .debug_abbrev  0x00000d52      0x175 src/lis3dh_driver.o
 .debug_abbrev  0x00000ec7      0x1c6 src/3Daccel_app.o
 .debug_abbrev  0x0000108d      0x14a ./system/CMSIS/Infineon/Lib/System_LibcStubs.o
 .debug_abbrev  0x000011d7      0x1c0 ./system/CMSIS/Infineon/XMC4500_series/Source/system_XMC4500.o
 .debug_abbrev  0x00001397      0x127 ./xmclib/src/xmc4_gpio.o
 .debug_abbrev  0x000014be      0x233 ./xmclib/src/xmc_uart.o
 .debug_abbrev  0x000016f1      0x2ac ./xmclib/src/xmc_i2c.o
 .debug_abbrev  0x0000199d      0x2a0 ./xmclib/src/xmc4_scu.o
 .debug_abbrev  0x00001c3d      0x220 ./xmclib/src/xmc_usic.o
 .debug_abbrev  0x00001e5d       0x14 /tmp/ccOpIMRC.o

.debug_line     0x00000000     0x5fb3
 *(.debug_line)
 .debug_line    0x00000000      0x56f src/xmc4500_uart_lib.o
 .debug_line    0x0000056f      0x4de src/servo_library.o
 .debug_line    0x00000a4d      0x57b src/servo_driver.o
 .debug_line    0x00000fc8      0x696 src/3Daccel_out_library.o
 .debug_line    0x0000165e      0x3f8 src/debug_lib.o
 .debug_line    0x00001a56      0x5a4 src/xmc4500_i2c_lib.o
 .debug_line    0x00001ffa      0x56e src/lis3dh_library.o
 .debug_line    0x00002568      0xaf6 src/lis3dh_driver.o
 .debug_line    0x0000305e      0x520 src/3Daccel_app.o
 .debug_line    0x0000357e      0x3fa ./system/CMSIS/Infineon/Lib/System_LibcStubs.o
 .debug_line    0x00003978      0x43a ./system/CMSIS/Infineon/XMC4500_series/Source/system_XMC4500.o
 .debug_line    0x00003db2      0x3a4 ./xmclib/src/xmc4_gpio.o
 .debug_line    0x00004156      0x498 ./xmclib/src/xmc_uart.o
 .debug_line    0x000045ee      0x545 ./xmclib/src/xmc_i2c.o
 .debug_line    0x00004b33      0xe92 ./xmclib/src/xmc4_scu.o
 .debug_line    0x000059c5      0x53f ./xmclib/src/xmc_usic.o
 .debug_line    0x00005f04       0xaf /tmp/ccOpIMRC.o

.debug_frame    0x00000000     0x3e40
 *(.debug_frame)
 .debug_frame   0x00000000      0x234 src/xmc4500_uart_lib.o
 .debug_frame   0x00000234       0x50 src/servo_library.o
 .debug_frame   0x00000284      0x134 src/servo_driver.o
 .debug_frame   0x000003b8      0x258 src/3Daccel_out_library.o
 .debug_frame   0x00000610      0x10c src/debug_lib.o
 .debug_frame   0x0000071c      0x164 src/xmc4500_i2c_lib.o
 .debug_frame   0x00000880       0xc4 src/lis3dh_library.o
 .debug_frame   0x00000944      0x71c src/lis3dh_driver.o
 .debug_frame   0x00001060       0x7c src/3Daccel_app.o
 .debug_frame   0x000010dc      0x28c ./system/CMSIS/Infineon/Lib/System_LibcStubs.o
 .debug_frame   0x00001368       0xe0 ./system/CMSIS/Infineon/XMC4500_series/Source/system_XMC4500.o
 .debug_frame   0x00001448       0x60 ./xmclib/src/xmc4_gpio.o
 .debug_frame   0x000014a8      0x1b8 ./xmclib/src/xmc_uart.o
 .debug_frame   0x00001660      0x2b8 ./xmclib/src/xmc_i2c.o
 .debug_frame   0x00001918     0x10cc ./xmclib/src/xmc4_scu.o
 .debug_frame   0x000029e4      0x254 ./xmclib/src/xmc_usic.o
 .debug_frame   0x00002c38       0x38 /home/helmutresch/Bin/gcc-arm-none-eabi-5_4-2016q3/bin/../lib/gcc/arm-none-eabi/5.4.1/../../../../arm-none-eabi/lib/armv7e-m/softfp/libm.a(lib_a-s_atan.o)
 .debug_frame   0x00002c70       0x20 /home/helmutresch/Bin/gcc-arm-none-eabi-5_4-2016q3/bin/../lib/gcc/arm-none-eabi/5.4.1/../../../../arm-none-eabi/lib/armv7e-m/softfp/libm.a(lib_a-s_fabs.o)
 .debug_frame   0x00002c90       0x44 /home/helmutresch/Bin/gcc-arm-none-eabi-5_4-2016q3/bin/../lib/gcc/arm-none-eabi/5.4.1/../../../../arm-none-eabi/lib/armv7e-m/softfp/libm.a(lib_a-w_sqrt.o)
 .debug_frame   0x00002cd4       0x30 /home/helmutresch/Bin/gcc-arm-none-eabi-5_4-2016q3/bin/../lib/gcc/arm-none-eabi/5.4.1/../../../../arm-none-eabi/lib/armv7e-m/softfp/libm.a(lib_a-e_sqrt.o)
 .debug_frame   0x00002d04       0x20 /home/helmutresch/Bin/gcc-arm-none-eabi-5_4-2016q3/bin/../lib/gcc/arm-none-eabi/5.4.1/../../../../arm-none-eabi/lib/armv7e-m/softfp/libm.a(lib_a-s_matherr.o)
 .debug_frame   0x00002d24       0x20 /home/helmutresch/Bin/gcc-arm-none-eabi-5_4-2016q3/bin/../lib/gcc/arm-none-eabi/5.4.1/../../../../arm-none-eabi/lib/armv7e-m/softfp/libg.a(lib_a-errno.o)
 .debug_frame   0x00002d44       0x2c /home/helmutresch/Bin/gcc-arm-none-eabi-5_4-2016q3/bin/../lib/gcc/arm-none-eabi/5.4.1/../../../../arm-none-eabi/lib/armv7e-m/softfp/libg.a(lib_a-init.o)
 .debug_frame   0x00002d70       0x34 /home/helmutresch/Bin/gcc-arm-none-eabi-5_4-2016q3/bin/../lib/gcc/arm-none-eabi/5.4.1/../../../../arm-none-eabi/lib/armv7e-m/softfp/libg.a(lib_a-memset.o)
 .debug_frame   0x00002da4       0x74 /home/helmutresch/Bin/gcc-arm-none-eabi-5_4-2016q3/bin/../lib/gcc/arm-none-eabi/5.4.1/../../../../arm-none-eabi/lib/armv7e-m/softfp/libg.a(lib_a-printf.o)
 .debug_frame   0x00002e18       0x48 /home/helmutresch/Bin/gcc-arm-none-eabi-5_4-2016q3/bin/../lib/gcc/arm-none-eabi/5.4.1/../../../../arm-none-eabi/lib/armv7e-m/softfp/libg.a(lib_a-puts.o)
 .debug_frame   0x00002e60       0x84 /home/helmutresch/Bin/gcc-arm-none-eabi-5_4-2016q3/bin/../lib/gcc/arm-none-eabi/5.4.1/../../../../arm-none-eabi/lib/armv7e-m/softfp/libg.a(lib_a-sprintf.o)
 .debug_frame   0x00002ee4       0x54 /home/helmutresch/Bin/gcc-arm-none-eabi-5_4-2016q3/bin/../lib/gcc/arm-none-eabi/5.4.1/../../../../arm-none-eabi/lib/armv7e-m/softfp/libg.a(lib_a-strncmp.o)
 .debug_frame   0x00002f38       0x44 /home/helmutresch/Bin/gcc-arm-none-eabi-5_4-2016q3/bin/../lib/gcc/arm-none-eabi/5.4.1/../../../../arm-none-eabi/lib/armv7e-m/softfp/libg.a(lib_a-svfprintf.o)
 .debug_frame   0x00002f7c       0x88 /home/helmutresch/Bin/gcc-arm-none-eabi-5_4-2016q3/bin/../lib/gcc/arm-none-eabi/5.4.1/../../../../arm-none-eabi/lib/armv7e-m/softfp/libg.a(lib_a-vfprintf.o)
 .debug_frame   0x00003004       0x50 /home/helmutresch/Bin/gcc-arm-none-eabi-5_4-2016q3/bin/../lib/gcc/arm-none-eabi/5.4.1/../../../../arm-none-eabi/lib/armv7e-m/softfp/libg.a(lib_a-vsprintf.o)
 .debug_frame   0x00003054       0x2c /home/helmutresch/Bin/gcc-arm-none-eabi-5_4-2016q3/bin/../lib/gcc/arm-none-eabi/5.4.1/../../../../arm-none-eabi/lib/armv7e-m/softfp/libg.a(lib_a-wsetup.o)
 .debug_frame   0x00003080       0x88 /home/helmutresch/Bin/gcc-arm-none-eabi-5_4-2016q3/bin/../lib/gcc/arm-none-eabi/5.4.1/../../../../arm-none-eabi/lib/armv7e-m/softfp/libg.a(lib_a-dtoa.o)
 .debug_frame   0x00003108       0x6c /home/helmutresch/Bin/gcc-arm-none-eabi-5_4-2016q3/bin/../lib/gcc/arm-none-eabi/5.4.1/../../../../arm-none-eabi/lib/armv7e-m/softfp/libg.a(lib_a-fflush.o)
 .debug_frame   0x00003174      0x124 /home/helmutresch/Bin/gcc-arm-none-eabi-5_4-2016q3/bin/../lib/gcc/arm-none-eabi/5.4.1/../../../../arm-none-eabi/lib/armv7e-m/softfp/libg.a(lib_a-findfp.o)
 .debug_frame   0x00003298       0x74 /home/helmutresch/Bin/gcc-arm-none-eabi-5_4-2016q3/bin/../lib/gcc/arm-none-eabi/5.4.1/../../../../arm-none-eabi/lib/armv7e-m/softfp/libg.a(lib_a-freer.o)
 .debug_frame   0x0000330c       0x68 /home/helmutresch/Bin/gcc-arm-none-eabi-5_4-2016q3/bin/../lib/gcc/arm-none-eabi/5.4.1/../../../../arm-none-eabi/lib/armv7e-m/softfp/libg.a(lib_a-fvwrite.o)
 .debug_frame   0x00003374       0x54 /home/helmutresch/Bin/gcc-arm-none-eabi-5_4-2016q3/bin/../lib/gcc/arm-none-eabi/5.4.1/../../../../arm-none-eabi/lib/armv7e-m/softfp/libg.a(lib_a-fwalk.o)
 .debug_frame   0x000033c8       0x84 /home/helmutresch/Bin/gcc-arm-none-eabi-5_4-2016q3/bin/../lib/gcc/arm-none-eabi/5.4.1/../../../../arm-none-eabi/lib/armv7e-m/softfp/libg.a(lib_a-locale.o)
 .debug_frame   0x0000344c       0x40 /home/helmutresch/Bin/gcc-arm-none-eabi-5_4-2016q3/bin/../lib/gcc/arm-none-eabi/5.4.1/../../../../arm-none-eabi/lib/armv7e-m/softfp/libg.a(lib_a-localeconv.o)
 .debug_frame   0x0000348c       0x68 /home/helmutresch/Bin/gcc-arm-none-eabi-5_4-2016q3/bin/../lib/gcc/arm-none-eabi/5.4.1/../../../../arm-none-eabi/lib/armv7e-m/softfp/libg.a(lib_a-makebuf.o)
 .debug_frame   0x000034f4       0x58 /home/helmutresch/Bin/gcc-arm-none-eabi-5_4-2016q3/bin/../lib/gcc/arm-none-eabi/5.4.1/../../../../arm-none-eabi/lib/armv7e-m/softfp/libg.a(lib_a-mallocr.o)
 .debug_frame   0x0000354c       0x4c /home/helmutresch/Bin/gcc-arm-none-eabi-5_4-2016q3/bin/../lib/gcc/arm-none-eabi/5.4.1/../../../../arm-none-eabi/lib/armv7e-m/softfp/libg.a(lib_a-mbtowc_r.o)
 .debug_frame   0x00003598       0x30 /home/helmutresch/Bin/gcc-arm-none-eabi-5_4-2016q3/bin/../lib/gcc/arm-none-eabi/5.4.1/../../../../arm-none-eabi/lib/armv7e-m/softfp/libg.a(lib_a-memmove.o)
 .debug_frame   0x000035c8       0x30 /home/helmutresch/Bin/gcc-arm-none-eabi-5_4-2016q3/bin/../lib/gcc/arm-none-eabi/5.4.1/../../../../arm-none-eabi/lib/armv7e-m/softfp/libg.a(lib_a-mlock.o)
 .debug_frame   0x000035f8      0x264 /home/helmutresch/Bin/gcc-arm-none-eabi-5_4-2016q3/bin/../lib/gcc/arm-none-eabi/5.4.1/../../../../arm-none-eabi/lib/armv7e-m/softfp/libg.a(lib_a-mprec.o)
 .debug_frame   0x0000385c       0x60 /home/helmutresch/Bin/gcc-arm-none-eabi-5_4-2016q3/bin/../lib/gcc/arm-none-eabi/5.4.1/../../../../arm-none-eabi/lib/armv7e-m/softfp/libg.a(lib_a-reallocr.o)
 .debug_frame   0x000038bc       0x2c /home/helmutresch/Bin/gcc-arm-none-eabi-5_4-2016q3/bin/../lib/gcc/arm-none-eabi/5.4.1/../../../../arm-none-eabi/lib/armv7e-m/softfp/libg.a(lib_a-sbrkr.o)
 .debug_frame   0x000038e8       0x88 /home/helmutresch/Bin/gcc-arm-none-eabi-5_4-2016q3/bin/../lib/gcc/arm-none-eabi/5.4.1/../../../../arm-none-eabi/lib/armv7e-m/softfp/libg.a(lib_a-stdio.o)
 .debug_frame   0x00003970       0x78 /home/helmutresch/Bin/gcc-arm-none-eabi-5_4-2016q3/bin/../lib/gcc/arm-none-eabi/5.4.1/../../../../arm-none-eabi/lib/armv7e-m/softfp/libg.a(lib_a-svfiprintf.o)
 .debug_frame   0x000039e8       0xc8 /home/helmutresch/Bin/gcc-arm-none-eabi-5_4-2016q3/bin/../lib/gcc/arm-none-eabi/5.4.1/../../../../arm-none-eabi/lib/armv7e-m/softfp/libg.a(lib_a-vfiprintf.o)
 .debug_frame   0x00003ab0       0x3c /home/helmutresch/Bin/gcc-arm-none-eabi-5_4-2016q3/bin/../lib/gcc/arm-none-eabi/5.4.1/../../../../arm-none-eabi/lib/armv7e-m/softfp/libg.a(lib_a-wctomb_r.o)
 .debug_frame   0x00003aec       0x2c /home/helmutresch/Bin/gcc-arm-none-eabi-5_4-2016q3/bin/../lib/gcc/arm-none-eabi/5.4.1/../../../../arm-none-eabi/lib/armv7e-m/softfp/libg.a(lib_a-writer.o)
 .debug_frame   0x00003b18       0x28 /home/helmutresch/Bin/gcc-arm-none-eabi-5_4-2016q3/bin/../lib/gcc/arm-none-eabi/5.4.1/../../../../arm-none-eabi/lib/armv7e-m/softfp/libg.a(lib_a-callocr.o)
 .debug_frame   0x00003b40       0x2c /home/helmutresch/Bin/gcc-arm-none-eabi-5_4-2016q3/bin/../lib/gcc/arm-none-eabi/5.4.1/../../../../arm-none-eabi/lib/armv7e-m/softfp/libg.a(lib_a-closer.o)
 .debug_frame   0x00003b6c       0x44 /home/helmutresch/Bin/gcc-arm-none-eabi-5_4-2016q3/bin/../lib/gcc/arm-none-eabi/5.4.1/../../../../arm-none-eabi/lib/armv7e-m/softfp/libg.a(lib_a-fclose.o)
 .debug_frame   0x00003bb0       0x8c /home/helmutresch/Bin/gcc-arm-none-eabi-5_4-2016q3/bin/../lib/gcc/arm-none-eabi/5.4.1/../../../../arm-none-eabi/lib/armv7e-m/softfp/libg.a(lib_a-fputwc.o)
 .debug_frame   0x00003c3c       0x2c /home/helmutresch/Bin/gcc-arm-none-eabi-5_4-2016q3/bin/../lib/gcc/arm-none-eabi/5.4.1/../../../../arm-none-eabi/lib/armv7e-m/softfp/libg.a(lib_a-fstatr.o)
 .debug_frame   0x00003c68       0x2c /home/helmutresch/Bin/gcc-arm-none-eabi-5_4-2016q3/bin/../lib/gcc/arm-none-eabi/5.4.1/../../../../arm-none-eabi/lib/armv7e-m/softfp/libg.a(lib_a-isattyr.o)
 .debug_frame   0x00003c94       0x2c /home/helmutresch/Bin/gcc-arm-none-eabi-5_4-2016q3/bin/../lib/gcc/arm-none-eabi/5.4.1/../../../../arm-none-eabi/lib/armv7e-m/softfp/libg.a(lib_a-lseekr.o)
 .debug_frame   0x00003cc0       0x2c /home/helmutresch/Bin/gcc-arm-none-eabi-5_4-2016q3/bin/../lib/gcc/arm-none-eabi/5.4.1/../../../../arm-none-eabi/lib/armv7e-m/softfp/libg.a(lib_a-readr.o)
 .debug_frame   0x00003cec       0x58 /home/helmutresch/Bin/gcc-arm-none-eabi-5_4-2016q3/bin/../lib/gcc/arm-none-eabi/5.4.1/../../../../arm-none-eabi/lib/armv7e-m/softfp/libg.a(lib_a-reent.o)
 .debug_frame   0x00003d44       0x40 /home/helmutresch/Bin/gcc-arm-none-eabi-5_4-2016q3/bin/../lib/gcc/arm-none-eabi/5.4.1/../../../../arm-none-eabi/lib/armv7e-m/softfp/libg.a(lib_a-wbuf.o)
 .debug_frame   0x00003d84       0x5c /home/helmutresch/Bin/gcc-arm-none-eabi-5_4-2016q3/bin/../lib/gcc/arm-none-eabi/5.4.1/../../../../arm-none-eabi/lib/armv7e-m/softfp/libg.a(lib_a-wcrtomb.o)
 .debug_frame   0x00003de0       0x2c /home/helmutresch/Bin/gcc-arm-none-eabi-5_4-2016q3/bin/../lib/gcc/arm-none-eabi/5.4.1/armv7e-m/softfp/libgcc.a(_aeabi_uldivmod.o)
 .debug_frame   0x00003e0c       0x34 /home/helmutresch/Bin/gcc-arm-none-eabi-5_4-2016q3/bin/../lib/gcc/arm-none-eabi/5.4.1/armv7e-m/softfp/libgcc.a(_udivmoddi4.o)

.debug_str      0x00000000    0x7ddb8
 *(.debug_str)
 .debug_str     0x00000000    0x74deb src/xmc4500_uart_lib.o
                              0x75101 (size before relaxing)
 .debug_str     0x00074deb     0x1c16 src/servo_library.o
                              0x756d1 (size before relaxing)
 .debug_str     0x00076a01      0x2aa src/servo_driver.o
                              0x759b5 (size before relaxing)
 .debug_str     0x00076cab      0x1aa src/3Daccel_out_library.o
                              0x75d80 (size before relaxing)
 .debug_str     0x00076e55      0x4e7 src/debug_lib.o
                              0x6f31d (size before relaxing)
 .debug_str     0x0007733c      0x550 src/xmc4500_i2c_lib.o
                              0x763b1 (size before relaxing)
 .debug_str     0x0007788c      0x2f2 src/lis3dh_library.o
                              0x759a4 (size before relaxing)
 .debug_str     0x00077b7e      0x8cc src/lis3dh_driver.o
                              0x76191 (size before relaxing)
 .debug_str     0x0007844a       0x50 src/3Daccel_app.o
                              0x75dd6 (size before relaxing)
 .debug_str     0x0007849a     0x15bc ./system/CMSIS/Infineon/Lib/System_LibcStubs.o
                               0x6c37 (size before relaxing)
 .debug_str     0x00079a56      0xc75 ./system/CMSIS/Infineon/XMC4500_series/Source/system_XMC4500.o
                              0x6f431 (size before relaxing)
 .debug_str     0x0007a6cb       0x96 ./xmclib/src/xmc4_gpio.o
                              0x72ce9 (size before relaxing)
 .debug_str     0x0007a761      0xa67 ./xmclib/src/xmc_uart.o
                              0x70527 (size before relaxing)
 .debug_str     0x0007b1c8      0x40b ./xmclib/src/xmc_i2c.o
                              0x701e2 (size before relaxing)
 .debug_str     0x0007b5d3     0x21a0 ./xmclib/src/xmc4_scu.o
                              0x7155f (size before relaxing)
 .debug_str     0x0007d773      0x645 ./xmclib/src/xmc_usic.o
                              0x709b4 (size before relaxing)

.debug_loc
 *(.debug_loc)

.debug_macinfo
 *(.debug_macinfo)

.debug_ranges   0x00000000      0x9e0
 *(.debug_ranges)
 .debug_ranges  0x00000000       0x78 src/xmc4500_uart_lib.o
 .debug_ranges  0x00000078       0x18 src/servo_library.o
 .debug_ranges  0x00000090       0x48 src/servo_driver.o
 .debug_ranges  0x000000d8       0x80 src/3Daccel_out_library.o
 .debug_ranges  0x00000158       0x40 src/debug_lib.o
 .debug_ranges  0x00000198       0x50 src/xmc4500_i2c_lib.o
 .debug_ranges  0x000001e8       0x30 src/lis3dh_library.o
 .debug_ranges  0x00000218      0x198 src/lis3dh_driver.o
 .debug_ranges  0x000003b0       0x20 src/3Daccel_app.o
 .debug_ranges  0x000003d0       0x90 ./system/CMSIS/Infineon/Lib/System_LibcStubs.o
 .debug_ranges  0x00000460       0x38 ./system/CMSIS/Infineon/XMC4500_series/Source/system_XMC4500.o
 .debug_ranges  0x00000498       0x18 ./xmclib/src/xmc4_gpio.o
 .debug_ranges  0x000004b0       0x60 ./xmclib/src/xmc_uart.o
 .debug_ranges  0x00000510       0x98 ./xmclib/src/xmc_i2c.o
 .debug_ranges  0x000005a8      0x3b8 ./xmclib/src/xmc4_scu.o
 .debug_ranges  0x00000960       0x80 ./xmclib/src/xmc_usic.o

.debug_weaknames
 *(.debug_weaknames)

.debug_funcnames
 *(.debug_funcnames)

.debug_typenames
 *(.debug_typenames)

.debug_varnames
 *(.debug_varnames)

.build_attributes
                0x00000000      0xf2d
 *(.ARM.attributes)
 .ARM.attributes
                0x00000000       0x37 src/xmc4500_uart_lib.o
 .ARM.attributes
                0x00000037       0x37 src/servo_library.o
 .ARM.attributes
                0x0000006e       0x37 src/servo_driver.o
 .ARM.attributes
                0x000000a5       0x37 src/3Daccel_out_library.o
 .ARM.attributes
                0x000000dc       0x37 src/debug_lib.o
 .ARM.attributes
                0x00000113       0x37 src/xmc4500_i2c_lib.o
 .ARM.attributes
                0x0000014a       0x37 src/lis3dh_library.o
 .ARM.attributes
                0x00000181       0x37 src/lis3dh_driver.o
 .ARM.attributes
                0x000001b8       0x37 src/3Daccel_app.o
 .ARM.attributes
                0x000001ef       0x37 ./system/CMSIS/Infineon/Lib/System_LibcStubs.o
 .ARM.attributes
                0x00000226       0x37 ./system/CMSIS/Infineon/XMC4500_series/Source/system_XMC4500.o
 .ARM.attributes
                0x0000025d       0x37 ./xmclib/src/xmc4_gpio.o
 .ARM.attributes
                0x00000294       0x37 ./xmclib/src/xmc_uart.o
 .ARM.attributes
                0x000002cb       0x37 ./xmclib/src/xmc_i2c.o
 .ARM.attributes
                0x00000302       0x37 ./xmclib/src/xmc4_scu.o
 .ARM.attributes
                0x00000339       0x37 ./xmclib/src/xmc_usic.o
 .ARM.attributes
                0x00000370       0x25 /tmp/ccOpIMRC.o
 .ARM.attributes
                0x00000395       0x32 /home/helmutresch/Bin/gcc-arm-none-eabi-5_4-2016q3/bin/../lib/gcc/arm-none-eabi/5.4.1/../../../../arm-none-eabi/lib/armv7e-m/softfp/libm.a(lib_a-s_atan.o)
 .ARM.attributes
                0x000003c7       0x32 /home/helmutresch/Bin/gcc-arm-none-eabi-5_4-2016q3/bin/../lib/gcc/arm-none-eabi/5.4.1/../../../../arm-none-eabi/lib/armv7e-m/softfp/libm.a(lib_a-s_fabs.o)
 .ARM.attributes
                0x000003f9       0x32 /home/helmutresch/Bin/gcc-arm-none-eabi-5_4-2016q3/bin/../lib/gcc/arm-none-eabi/5.4.1/../../../../arm-none-eabi/lib/armv7e-m/softfp/libm.a(lib_a-w_sqrt.o)
 .ARM.attributes
                0x0000042b       0x32 /home/helmutresch/Bin/gcc-arm-none-eabi-5_4-2016q3/bin/../lib/gcc/arm-none-eabi/5.4.1/../../../../arm-none-eabi/lib/armv7e-m/softfp/libm.a(lib_a-e_sqrt.o)
 .ARM.attributes
                0x0000045d       0x32 /home/helmutresch/Bin/gcc-arm-none-eabi-5_4-2016q3/bin/../lib/gcc/arm-none-eabi/5.4.1/../../../../arm-none-eabi/lib/armv7e-m/softfp/libm.a(lib_a-s_lib_ver.o)
 .ARM.attributes
                0x0000048f       0x32 /home/helmutresch/Bin/gcc-arm-none-eabi-5_4-2016q3/bin/../lib/gcc/arm-none-eabi/5.4.1/../../../../arm-none-eabi/lib/armv7e-m/softfp/libm.a(lib_a-s_matherr.o)
 .ARM.attributes
                0x000004c1       0x22 /home/helmutresch/Bin/gcc-arm-none-eabi-5_4-2016q3/bin/../lib/gcc/arm-none-eabi/5.4.1/armv7e-m/softfp/libgcc.a(_arm_addsubdf3.o)
 .ARM.attributes
                0x000004e3       0x22 /home/helmutresch/Bin/gcc-arm-none-eabi-5_4-2016q3/bin/../lib/gcc/arm-none-eabi/5.4.1/armv7e-m/softfp/libgcc.a(_arm_muldivdf3.o)
 .ARM.attributes
                0x00000505       0x22 /home/helmutresch/Bin/gcc-arm-none-eabi-5_4-2016q3/bin/../lib/gcc/arm-none-eabi/5.4.1/armv7e-m/softfp/libgcc.a(_arm_cmpdf2.o)
 .ARM.attributes
                0x00000527       0x22 /home/helmutresch/Bin/gcc-arm-none-eabi-5_4-2016q3/bin/../lib/gcc/arm-none-eabi/5.4.1/armv7e-m/softfp/libgcc.a(_arm_unorddf2.o)
 .ARM.attributes
                0x00000549       0x22 /home/helmutresch/Bin/gcc-arm-none-eabi-5_4-2016q3/bin/../lib/gcc/arm-none-eabi/5.4.1/armv7e-m/softfp/libgcc.a(_arm_fixdfsi.o)
 .ARM.attributes
                0x0000056b       0x22 /home/helmutresch/Bin/gcc-arm-none-eabi-5_4-2016q3/bin/../lib/gcc/arm-none-eabi/5.4.1/armv7e-m/softfp/libgcc.a(_arm_fixunsdfsi.o)
 .ARM.attributes
                0x0000058d       0x32 /home/helmutresch/Bin/gcc-arm-none-eabi-5_4-2016q3/bin/../lib/gcc/arm-none-eabi/5.4.1/../../../../arm-none-eabi/lib/armv7e-m/softfp/libg.a(lib_a-errno.o)
 .ARM.attributes
                0x000005bf       0x32 /home/helmutresch/Bin/gcc-arm-none-eabi-5_4-2016q3/bin/../lib/gcc/arm-none-eabi/5.4.1/../../../../arm-none-eabi/lib/armv7e-m/softfp/libg.a(lib_a-impure.o)
 .ARM.attributes
                0x000005f1       0x32 /home/helmutresch/Bin/gcc-arm-none-eabi-5_4-2016q3/bin/../lib/gcc/arm-none-eabi/5.4.1/../../../../arm-none-eabi/lib/armv7e-m/softfp/libg.a(lib_a-init.o)
 .ARM.attributes
                0x00000623       0x20 /home/helmutresch/Bin/gcc-arm-none-eabi-5_4-2016q3/bin/../lib/gcc/arm-none-eabi/5.4.1/../../../../arm-none-eabi/lib/armv7e-m/softfp/libg.a(lib_a-memcpy.o)
 .ARM.attributes
                0x00000643       0x32 /home/helmutresch/Bin/gcc-arm-none-eabi-5_4-2016q3/bin/../lib/gcc/arm-none-eabi/5.4.1/../../../../arm-none-eabi/lib/armv7e-m/softfp/libg.a(lib_a-memset.o)
 .ARM.attributes
                0x00000675       0x32 /home/helmutresch/Bin/gcc-arm-none-eabi-5_4-2016q3/bin/../lib/gcc/arm-none-eabi/5.4.1/../../../../arm-none-eabi/lib/armv7e-m/softfp/libg.a(lib_a-printf.o)
 .ARM.attributes
                0x000006a7       0x32 /home/helmutresch/Bin/gcc-arm-none-eabi-5_4-2016q3/bin/../lib/gcc/arm-none-eabi/5.4.1/../../../../arm-none-eabi/lib/armv7e-m/softfp/libg.a(lib_a-puts.o)
 .ARM.attributes
                0x000006d9       0x32 /home/helmutresch/Bin/gcc-arm-none-eabi-5_4-2016q3/bin/../lib/gcc/arm-none-eabi/5.4.1/../../../../arm-none-eabi/lib/armv7e-m/softfp/libg.a(lib_a-sprintf.o)
 .ARM.attributes
                0x0000070b       0x20 /home/helmutresch/Bin/gcc-arm-none-eabi-5_4-2016q3/bin/../lib/gcc/arm-none-eabi/5.4.1/../../../../arm-none-eabi/lib/armv7e-m/softfp/libg.a(lib_a-strlen.o)
 .ARM.attributes
                0x0000072b       0x32 /home/helmutresch/Bin/gcc-arm-none-eabi-5_4-2016q3/bin/../lib/gcc/arm-none-eabi/5.4.1/../../../../arm-none-eabi/lib/armv7e-m/softfp/libg.a(lib_a-strncmp.o)
 .ARM.attributes
                0x0000075d       0x32 /home/helmutresch/Bin/gcc-arm-none-eabi-5_4-2016q3/bin/../lib/gcc/arm-none-eabi/5.4.1/../../../../arm-none-eabi/lib/armv7e-m/softfp/libg.a(lib_a-svfprintf.o)
 .ARM.attributes
                0x0000078f       0x32 /home/helmutresch/Bin/gcc-arm-none-eabi-5_4-2016q3/bin/../lib/gcc/arm-none-eabi/5.4.1/../../../../arm-none-eabi/lib/armv7e-m/softfp/libg.a(lib_a-vfprintf.o)
 .ARM.attributes
                0x000007c1       0x32 /home/helmutresch/Bin/gcc-arm-none-eabi-5_4-2016q3/bin/../lib/gcc/arm-none-eabi/5.4.1/../../../../arm-none-eabi/lib/armv7e-m/softfp/libg.a(lib_a-vsprintf.o)
 .ARM.attributes
                0x000007f3       0x32 /home/helmutresch/Bin/gcc-arm-none-eabi-5_4-2016q3/bin/../lib/gcc/arm-none-eabi/5.4.1/../../../../arm-none-eabi/lib/armv7e-m/softfp/libg.a(lib_a-wsetup.o)
 .ARM.attributes
                0x00000825       0x32 /home/helmutresch/Bin/gcc-arm-none-eabi-5_4-2016q3/bin/../lib/gcc/arm-none-eabi/5.4.1/../../../../arm-none-eabi/lib/armv7e-m/softfp/libg.a(lib_a-dtoa.o)
 .ARM.attributes
                0x00000857       0x32 /home/helmutresch/Bin/gcc-arm-none-eabi-5_4-2016q3/bin/../lib/gcc/arm-none-eabi/5.4.1/../../../../arm-none-eabi/lib/armv7e-m/softfp/libg.a(lib_a-fflush.o)
 .ARM.attributes
                0x00000889       0x32 /home/helmutresch/Bin/gcc-arm-none-eabi-5_4-2016q3/bin/../lib/gcc/arm-none-eabi/5.4.1/../../../../arm-none-eabi/lib/armv7e-m/softfp/libg.a(lib_a-findfp.o)
 .ARM.attributes
                0x000008bb       0x32 /home/helmutresch/Bin/gcc-arm-none-eabi-5_4-2016q3/bin/../lib/gcc/arm-none-eabi/5.4.1/../../../../arm-none-eabi/lib/armv7e-m/softfp/libg.a(lib_a-freer.o)
 .ARM.attributes
                0x000008ed       0x32 /home/helmutresch/Bin/gcc-arm-none-eabi-5_4-2016q3/bin/../lib/gcc/arm-none-eabi/5.4.1/../../../../arm-none-eabi/lib/armv7e-m/softfp/libg.a(lib_a-fvwrite.o)
 .ARM.attributes
                0x0000091f       0x32 /home/helmutresch/Bin/gcc-arm-none-eabi-5_4-2016q3/bin/../lib/gcc/arm-none-eabi/5.4.1/../../../../arm-none-eabi/lib/armv7e-m/softfp/libg.a(lib_a-fwalk.o)
 .ARM.attributes
                0x00000951       0x32 /home/helmutresch/Bin/gcc-arm-none-eabi-5_4-2016q3/bin/../lib/gcc/arm-none-eabi/5.4.1/../../../../arm-none-eabi/lib/armv7e-m/softfp/libg.a(lib_a-locale.o)
 .ARM.attributes
                0x00000983       0x32 /home/helmutresch/Bin/gcc-arm-none-eabi-5_4-2016q3/bin/../lib/gcc/arm-none-eabi/5.4.1/../../../../arm-none-eabi/lib/armv7e-m/softfp/libg.a(lib_a-localeconv.o)
 .ARM.attributes
                0x000009b5       0x32 /home/helmutresch/Bin/gcc-arm-none-eabi-5_4-2016q3/bin/../lib/gcc/arm-none-eabi/5.4.1/../../../../arm-none-eabi/lib/armv7e-m/softfp/libg.a(lib_a-makebuf.o)
 .ARM.attributes
                0x000009e7       0x32 /home/helmutresch/Bin/gcc-arm-none-eabi-5_4-2016q3/bin/../lib/gcc/arm-none-eabi/5.4.1/../../../../arm-none-eabi/lib/armv7e-m/softfp/libg.a(lib_a-mallocr.o)
 .ARM.attributes
                0x00000a19       0x32 /home/helmutresch/Bin/gcc-arm-none-eabi-5_4-2016q3/bin/../lib/gcc/arm-none-eabi/5.4.1/../../../../arm-none-eabi/lib/armv7e-m/softfp/libg.a(lib_a-mbtowc_r.o)
 .ARM.attributes
                0x00000a4b       0x20 /home/helmutresch/Bin/gcc-arm-none-eabi-5_4-2016q3/bin/../lib/gcc/arm-none-eabi/5.4.1/../../../../arm-none-eabi/lib/armv7e-m/softfp/libg.a(lib_a-memchr.o)
 .ARM.attributes
                0x00000a6b       0x32 /home/helmutresch/Bin/gcc-arm-none-eabi-5_4-2016q3/bin/../lib/gcc/arm-none-eabi/5.4.1/../../../../arm-none-eabi/lib/armv7e-m/softfp/libg.a(lib_a-memmove.o)
 .ARM.attributes
                0x00000a9d       0x32 /home/helmutresch/Bin/gcc-arm-none-eabi-5_4-2016q3/bin/../lib/gcc/arm-none-eabi/5.4.1/../../../../arm-none-eabi/lib/armv7e-m/softfp/libg.a(lib_a-mlock.o)
 .ARM.attributes
                0x00000acf       0x32 /home/helmutresch/Bin/gcc-arm-none-eabi-5_4-2016q3/bin/../lib/gcc/arm-none-eabi/5.4.1/../../../../arm-none-eabi/lib/armv7e-m/softfp/libg.a(lib_a-mprec.o)
 .ARM.attributes