3Daccel_out_library.c:18:6:initGlobals	8	static
3Daccel_out_library.c:50:6:outputInit	8	static
3Daccel_out_library.c:61:6:SysTick_Handler	24	static
3Daccel_out_library.c:159:6:protocolComplete	160	static
3Daccel_out_library.c:246:6:getDouble	40	static
3Daccel_out_library.c:271:6:ledSetting	16	static
3Daccel_out_library.c:284:6:pwmAngleCalc	88	static
3Daccel_out_library.c:347:6:readButtonDebounce	8	static
3Daccel_out_library.c:358:6:inputInit	8	static
3Daccel_out_library.c:368:9:circularAdd	16	static
3Daccel_out_library.c:389:9:circularGet	16	static
