3Daccel_out_library.c:18:6:initGlobals	8	static
3Daccel_out_library.c:50:6:outputInit	8	static
3Daccel_out_library.c:61:6:SysTick_Handler	24	static
3Daccel_out_library.c:181:6:protocolComplete	176	static
3Daccel_out_library.c:284:6:ledSetting	16	static
3Daccel_out_library.c:297:6:pwmAngleCalc	88	static
3Daccel_out_library.c:366:6:readButtonDebounce	8	static
3Daccel_out_library.c:377:6:inputInit	8	static
3Daccel_out_library.c:387:9:circularAdd	16	static
3Daccel_out_library.c:408:9:circularGet	16	static
